../Core/Src/stm32_spi_link.c:16:13:spi_int_assert	8	static
../Core/Src/stm32_spi_link.c:22:13:spi_int_deassert	8	static
../Core/Src/stm32_spi_link.c:28:13:link_get_state	4	static
../Core/Src/stm32_spi_link.c:33:13:link_get_state_str	8	static
../Core/Src/stm32_spi_link.c:38:13:app_state_name	16	static
../Core/Src/stm32_spi_link.c:53:6:app_state_init	4	static
../Core/Src/stm32_spi_link.c:58:6:link_send_string	24	static
../Core/Src/stm32_spi_link.c:80:6:link_on_timer_tick	8	static
../Core/Src/stm32_spi_link.c:89:6:link_init	8	static
../Core/Src/stm32_spi_link.c:96:6:recieve_from_pi	24	static
../Core/Src/stm32_spi_link.c:124:6:send_header	24	static
../Core/Src/stm32_spi_link.c:146:6:send_payload	16	static,ignoring_inline_asm
../Core/Src/stm32_spi_link.c:168:6:handle_received_command	8	static
../Core/Src/stm32_spi_link.c:183:6:link_task	16	static
