Archive member included to satisfy reference by file (symbol)

C:/ST/STM32CubeIDE_1.18.1/STM32CubeIDE/plugins/com.st.stm32cube.ide.mcu.externaltools.gnu-tools-for-stm32.13.3.rel1.win32_1.0.0.202411081344/tools/bin/../lib/gcc/arm-none-eabi/13.3.1/../../../../arm-none-eabi/lib/thumb/v7e-m+fp/hard\libc_nano.a(libc_a-exit.o)
                              C:/ST/STM32CubeIDE_1.18.1/STM32CubeIDE/plugins/com.st.stm32cube.ide.mcu.externaltools.gnu-tools-for-stm32.13.3.rel1.win32_1.0.0.202411081344/tools/bin/../lib/gcc/arm-none-eabi/13.3.1/../../../../arm-none-eabi/lib/thumb/v7e-m+fp/hard/crt0.o (exit)
C:/ST/STM32CubeIDE_1.18.1/STM32CubeIDE/plugins/com.st.stm32cube.ide.mcu.externaltools.gnu-tools-for-stm32.13.3.rel1.win32_1.0.0.202411081344/tools/bin/../lib/gcc/arm-none-eabi/13.3.1/../../../../arm-none-eabi/lib/thumb/v7e-m+fp/hard\libc_nano.a(libc_a-findfp.o)
                              C:/ST/STM32CubeIDE_1.18.1/STM32CubeIDE/plugins/com.st.stm32cube.ide.mcu.externaltools.gnu-tools-for-stm32.13.3.rel1.win32_1.0.0.202411081344/tools/bin/../lib/gcc/arm-none-eabi/13.3.1/../../../../arm-none-eabi/lib/thumb/v7e-m+fp/hard\libc_nano.a(libc_a-exit.o) (__stdio_exit_handler)
C:/ST/STM32CubeIDE_1.18.1/STM32CubeIDE/plugins/com.st.stm32cube.ide.mcu.externaltools.gnu-tools-for-stm32.13.3.rel1.win32_1.0.0.202411081344/tools/bin/../lib/gcc/arm-none-eabi/13.3.1/../../../../arm-none-eabi/lib/thumb/v7e-m+fp/hard\libc_nano.a(libc_a-fwalk.o)
                              C:/ST/STM32CubeIDE_1.18.1/STM32CubeIDE/plugins/com.st.stm32cube.ide.mcu.externaltools.gnu-tools-for-stm32.13.3.rel1.win32_1.0.0.202411081344/tools/bin/../lib/gcc/arm-none-eabi/13.3.1/../../../../arm-none-eabi/lib/thumb/v7e-m+fp/hard\libc_nano.a(libc_a-findfp.o) (_fwalk_sglue)
C:/ST/STM32CubeIDE_1.18.1/STM32CubeIDE/plugins/com.st.stm32cube.ide.mcu.externaltools.gnu-tools-for-stm32.13.3.rel1.win32_1.0.0.202411081344/tools/bin/../lib/gcc/arm-none-eabi/13.3.1/../../../../arm-none-eabi/lib/thumb/v7e-m+fp/hard\libc_nano.a(libc_a-stdio.o)
                              C:/ST/STM32CubeIDE_1.18.1/STM32CubeIDE/plugins/com.st.stm32cube.ide.mcu.externaltools.gnu-tools-for-stm32.13.3.rel1.win32_1.0.0.202411081344/tools/bin/../lib/gcc/arm-none-eabi/13.3.1/../../../../arm-none-eabi/lib/thumb/v7e-m+fp/hard\libc_nano.a(libc_a-findfp.o) (__sread)
C:/ST/STM32CubeIDE_1.18.1/STM32CubeIDE/plugins/com.st.stm32cube.ide.mcu.externaltools.gnu-tools-for-stm32.13.3.rel1.win32_1.0.0.202411081344/tools/bin/../lib/gcc/arm-none-eabi/13.3.1/../../../../arm-none-eabi/lib/thumb/v7e-m+fp/hard\libc_nano.a(libc_a-memset.o)
                              C:/ST/STM32CubeIDE_1.18.1/STM32CubeIDE/plugins/com.st.stm32cube.ide.mcu.externaltools.gnu-tools-for-stm32.13.3.rel1.win32_1.0.0.202411081344/tools/bin/../lib/gcc/arm-none-eabi/13.3.1/../../../../arm-none-eabi/lib/thumb/v7e-m+fp/hard/crt0.o (memset)
C:/ST/STM32CubeIDE_1.18.1/STM32CubeIDE/plugins/com.st.stm32cube.ide.mcu.externaltools.gnu-tools-for-stm32.13.3.rel1.win32_1.0.0.202411081344/tools/bin/../lib/gcc/arm-none-eabi/13.3.1/../../../../arm-none-eabi/lib/thumb/v7e-m+fp/hard\libc_nano.a(libc_a-strncmp.o)
                              ./Core/Src/rpi_spi_link.o (strncmp)
C:/ST/STM32CubeIDE_1.18.1/STM32CubeIDE/plugins/com.st.stm32cube.ide.mcu.externaltools.gnu-tools-for-stm32.13.3.rel1.win32_1.0.0.202411081344/tools/bin/../lib/gcc/arm-none-eabi/13.3.1/../../../../arm-none-eabi/lib/thumb/v7e-m+fp/hard\libc_nano.a(libc_a-closer.o)
                              C:/ST/STM32CubeIDE_1.18.1/STM32CubeIDE/plugins/com.st.stm32cube.ide.mcu.externaltools.gnu-tools-for-stm32.13.3.rel1.win32_1.0.0.202411081344/tools/bin/../lib/gcc/arm-none-eabi/13.3.1/../../../../arm-none-eabi/lib/thumb/v7e-m+fp/hard\libc_nano.a(libc_a-stdio.o) (_close_r)
C:/ST/STM32CubeIDE_1.18.1/STM32CubeIDE/plugins/com.st.stm32cube.ide.mcu.externaltools.gnu-tools-for-stm32.13.3.rel1.win32_1.0.0.202411081344/tools/bin/../lib/gcc/arm-none-eabi/13.3.1/../../../../arm-none-eabi/lib/thumb/v7e-m+fp/hard\libc_nano.a(libc_a-reent.o)
                              C:/ST/STM32CubeIDE_1.18.1/STM32CubeIDE/plugins/com.st.stm32cube.ide.mcu.externaltools.gnu-tools-for-stm32.13.3.rel1.win32_1.0.0.202411081344/tools/bin/../lib/gcc/arm-none-eabi/13.3.1/../../../../arm-none-eabi/lib/thumb/v7e-m+fp/hard\libc_nano.a(libc_a-closer.o) (errno)
C:/ST/STM32CubeIDE_1.18.1/STM32CubeIDE/plugins/com.st.stm32cube.ide.mcu.externaltools.gnu-tools-for-stm32.13.3.rel1.win32_1.0.0.202411081344/tools/bin/../lib/gcc/arm-none-eabi/13.3.1/../../../../arm-none-eabi/lib/thumb/v7e-m+fp/hard\libc_nano.a(libc_a-impure.o)
                              C:/ST/STM32CubeIDE_1.18.1/STM32CubeIDE/plugins/com.st.stm32cube.ide.mcu.externaltools.gnu-tools-for-stm32.13.3.rel1.win32_1.0.0.202411081344/tools/bin/../lib/gcc/arm-none-eabi/13.3.1/../../../../arm-none-eabi/lib/thumb/v7e-m+fp/hard\libc_nano.a(libc_a-reent.o) (_impure_ptr)
[...]
Memory Configuration

Name             Origin             Length             Attributes
RAM              0x20000000         0x0000c000         xrw
RAM2             0x10000000         0x00004000         xrw
FLASH            0x08000000         0x00040000         xr
*default*        0x00000000         0xffffffff

Linker script and memory map

LOAD C:/ST/STM32CubeIDE_1.18.1/STM32CubeIDE/plugins/com.st.stm32cube.ide.mcu.externaltools.gnu-tools-for-stm32.13.3.rel1.win32_1.0.0.202411081344/tools/bin/../lib/gcc/arm-none-eabi/13.3.1/thumb/v7e-m+fp/hard/crti.o
LOAD C:/ST/STM32CubeIDE_1.18.1/STM32CubeIDE/plugins/com.st.stm32cube.ide.mcu.externaltools.gnu-tools-for-stm32.13.3.rel1.win32_1.0.0.202411081344/tools/bin/../lib/gcc/arm-none-eabi/13.3.1/thumb/v7e-m+fp/hard/crtbegin.o
LOAD C:/ST/STM32CubeIDE_1.18.1/STM32CubeIDE/plugins/com.st.stm32cube.ide.mcu.externaltools.gnu-tools-for-stm32.13.3.rel1.win32_1.0.0.202411081344/tools/bin/../lib/gcc/arm-none-eabi/13.3.1/../../../../arm-none-eabi/lib/thumb/v7e-m+fp/hard/crt0.o
LOAD ./Core/Src/app.o
LOAD ./Core/Src/esc.o
LOAD ./Core/Src/main.o
LOAD ./Core/Src/rpi_spi_link.o
LOAD ./Core/Src/stm32l4xx_hal_msp.o
LOAD ./Core/Src/stm32l4xx_it.o
LOAD ./Core/Src/syscalls.o
LOAD ./Core/Src/sysmem.o
LOAD ./Core/Src/system_stm32l4xx.o
LOAD ./Core/Src/tinymover.o
LOAD ./Core/Startup/startup_stm32l433rctx.o
LOAD ./Drivers/STM32L4xx_HAL_Driver/Src/stm32l4xx_hal.o
LOAD ./Drivers/STM32L4xx_HAL_Driver/Src/stm32l4xx_hal_adc.o
LOAD ./Drivers/STM32L4xx_HAL_Driver/Src/stm32l4xx_hal_adc_ex.o
LOAD ./Drivers/STM32L4xx_HAL_Driver/Src/stm32l4xx_hal_can.o
LOAD ./Drivers/STM32L4xx_HAL_Driver/Src/stm32l4xx_hal_cortex.o
LOAD ./Drivers/STM32L4xx_HAL_Driver/Src/stm32l4xx_hal_dma.o
LOAD ./Drivers/STM32L4xx_HAL_Driver/Src/stm32l4xx_hal_dma_ex.o
LOAD ./Drivers/STM32L4xx_HAL_Driver/Src/stm32l4xx_hal_exti.o
LOAD ./Drivers/STM32L4xx_HAL_Driver/Src/stm32l4xx_hal_flash.o
LOAD ./Drivers/STM32L4xx_HAL_Driver/Src/stm32l4xx_hal_flash_ex.o
LOAD ./Drivers/STM32L4xx_HAL_Driver/Src/stm32l4xx_hal_flash_ramfunc.o
LOAD ./Drivers/STM32L4xx_HAL_Driver/Src/stm32l4xx_hal_gpio.o
LOAD ./Drivers/STM32L4xx_HAL_Driver/Src/stm32l4xx_hal_i2c.o
LOAD ./Drivers/STM32L4xx_HAL_Driver/Src/stm32l4xx_hal_i2c_ex.o
LOAD ./Drivers/STM32L4xx_HAL_Driver/Src/stm32l4xx_hal_pwr.o
LOAD ./Drivers/STM32L4xx_HAL_Driver/Src/stm32l4xx_hal_pwr_ex.o
LOAD ./Drivers/STM32L4xx_HAL_Driver/Src/stm32l4xx_hal_rcc.o
LOAD ./Drivers/STM32L4xx_HAL_Driver/Src/stm32l4xx_hal_rcc_ex.o
LOAD ./Drivers/STM32L4xx_HAL_Driver/Src/stm32l4xx_hal_spi.o
LOAD ./Drivers/STM32L4xx_HAL_Driver/Src/stm32l4xx_hal_spi_ex.o
START GROUP
LOAD C:/ST/STM32CubeIDE_1.18.1/STM32CubeIDE/plugins/com.st.stm32cube.ide.mcu.externaltools.gnu-tools-for-stm32.13.3.rel1.win32_1.0.0.202411081344/tools/bin/../lib/gcc/arm-none-eabi/13.3.1/../../../../arm-none-eabi/lib/thumb/v7e-m+fp/hard\libc_nano.a
LOAD C:/ST/STM32CubeIDE_1.18.1/STM32CubeIDE/plugins/com.st.stm32cube.ide.mcu.externaltools.gnu-tools-for-stm32.13.3.rel1.win32_1.0.0.202411081344/tools/bin/../lib/gcc/arm-none-eabi/13.3.1/../../../../arm-none-eabi/lib/thumb/v7e-m+fp/hard\libm.a
END GROUP
START GROUP
LOAD C:/ST/STM32CubeIDE_1.18.1/STM32CubeIDE/plugins/com.st.stm32cube.ide.mcu.externaltools.gnu-tools-for-stm32.13.3.rel1.win32_1.0.0.202411081344/tools/bin/../lib/gcc/arm-none-eabi/13.3.1/thumb/v7e-m+fp/hard\libgcc.a
LOAD C:/ST/STM32CubeIDE_1.18.1/STM32CubeIDE/plugins/com.st.stm32cube.ide.mcu.externaltools.gnu-tools-for-stm32.13.3.rel1.win32_1.0.0.202411081344/tools/bin/../lib/gcc/arm-none-eabi/13.3.1/../../../../arm-none-eabi/lib/thumb/v7e-m+fp/hard\libc_nano.a
END GROUP
START GROUP
LOAD C:/ST/STM32CubeIDE_1.18.1/STM32CubeIDE/plugins/com.st.stm32cube.ide.mcu.externaltools.gnu-tools-for-stm32.13.3.rel1.win32_1.0.0.202411081344/tools/bin/../lib/gcc/arm-none-eabi/13.3.1/thumb/v7e-m+fp/hard\libgcc.a
LOAD C:/ST/STM32CubeIDE_1.18.1/STM32CubeIDE/plugins/com.st.stm32cube.ide.mcu.externaltools.gnu-tools-for-stm32.13.3.rel1.win32_1.0.0.202411081344/tools/bin/../lib/gcc/arm-none-eabi/13.3.1/../../../../arm-none-eabi/lib/thumb/v7e-m+fp/hard\libc_nano.a
LOAD C:/ST/STM32CubeIDE_1.18.1/STM32CubeIDE/plugins/com.st.stm32cube.ide.mcu.externaltools.gnu-tools-for-stm32.13.3.rel1.win32_1.0.0.202411081344/tools/bin/../lib/gcc/arm-none-eabi/13.3.1/../../../../arm-none-eabi/lib/thumb/v7e-m+fp/hard\libnosys.a
END GROUP
START GROUP
LOAD C:/ST/STM32CubeIDE_1.18.1/STM32CubeIDE/plugins/com.st.stm32cube.ide.mcu.externaltools.gnu-tools-for-stm32.13.3.rel1.win32_1.0.0.202411081344/tools/bin/../lib/gcc/arm-none-eabi/13.3.1/thumb/v7e-m+fp/hard\libgcc.a
LOAD C:/ST/STM32CubeIDE_1.18.1/STM32CubeIDE/plugins/com.st.stm32cube.ide.mcu.externaltools.gnu-tools-for-stm32.13.3.rel1.win32_1.0.0.202411081344/tools/bin/../lib/gcc/arm-none-eabi/13.3.1/../../../../arm-none-eabi/lib/thumb/v7e-m+fp/hard\libc_nano.a
LOAD C:/ST/STM32CubeIDE_1.18.1/STM32CubeIDE/plugins/com.st.stm32cube.ide.mcu.externaltools.gnu-tools-for-stm32.13.3.rel1.win32_1.0.0.202411081344/tools/bin/../lib/gcc/arm-none-eabi/13.3.1/../../../../arm-none-eabi/lib/thumb/v7e-m+fp/hard\libnosys.a
END GROUP
LOAD C:/ST/STM32CubeIDE_1.18.1/STM32CubeIDE/plugins/com.st.stm32cube.ide.mcu.externaltools.gnu-tools-for-stm32.13.3.rel1.win32_1.0.0.202411081344/tools/bin/../lib/gcc/arm-none-eabi/13.3.1/thumb/v7e-m+fp/hard/crtend.o
LOAD C:/ST/STM32CubeIDE_1.18.1/STM32CubeIDE/plugins/com.st.stm32cube.ide.mcu.externaltools.gnu-tools-for-stm32.13.3.rel1.win32_1.0.0.202411081344/tools/bin/../lib/gcc/arm-none-eabi/13.3.1/thumb/v7e-m+fp/hard/crtn.o
                0x2000c000                        _estack = (ORIGIN (RAM) + LENGTH (RAM))
                0x00000200                        _Min_Heap_Size = 0x200
                0x00000400                        _Min_Stack_Size = 0x400

.isr_vector     0x08000000      0x18c
                0x08000000                        . = ALIGN (0x4)
 *(.isr_vector)
 .isr_vector    0x08000000      0x18c ./Core/Startup/startup_stm32l433rctx.o
                0x08000000                g_pfnVectors
                0x0800018c                        . = ALIGN (0x4)

.text           0x0800018c     0x5960
                0x0800018c                        . = ALIGN (0x4)
 *(.text)
 .text          0x0800018c       0x40 C:/ST/STM32CubeIDE_1.18.1/STM32CubeIDE/plugins/com.st.stm32cube.ide.mcu.externaltools.gnu-tools-for-stm32.13.3.rel1.win32_1.0.0.202411081344/tools/bin/../lib/gcc/arm-none-eabi/13.3.1/thumb/v7e-m+fp/hard/crtbegin.o
 .text          0x080001cc       0x10 C:/ST/STM32CubeIDE_1.18.1/STM32CubeIDE/plugins/com.st.stm32cube.ide.mcu.externaltools.gnu-tools-for-stm32.13.3.rel1.win32_1.0.0.202411081344/tools/bin/../lib/gcc/arm-none-eabi/13.3.1/../../../../arm-none-eabi/lib/thumb/v7e-m+fp/hard\libc_nano.a(libc_a-strlen.o)
                0x080001cc                strlen
 *(.text*)
 .text.app_init
                0x080001dc       0x58 ./Core/Src/app.o
                0x080001dc                app_init
 .text.adc_read_channel_blocking
                0x08000234       0x94 ./Core/Src/app.o
                0x08000234                adc_read_channel_blocking
 .text.startup  0x080002c8       0x18 ./Core/Src/app.o
                0x080002c8                startup
 .text.resistance_tests
                0x080002e0       0xdc ./Core/Src/app.o
                0x080002e0                resistance_tests
 .text.invert   0x080003bc       0x22 ./Core/Src/esc.o
                0x080003bc                invert
 *fill*         0x080003de        0x2 
 .text.esc_set_1v2_source
                0x080003e0       0x24 ./Core/Src/esc.o
                0x080003e0                esc_set_1v2_source
 .text.esc_set_voltage_net_mode
                0x08000404       0x78 ./Core/Src/esc.o
                0x08000404                esc_set_voltage_net_mode
 .text.esc_set_all_voltage_nets_mode
                0x0800047c       0x32 ./Core/Src/esc.o
                0x0800047c                esc_set_all_voltage_nets_mode
 *fill*         0x080004ae        0x2 
 .text.esc_set_swd_mode
                0x080004b0       0x50 ./Core/Src/esc.o
                0x080004b0                esc_set_swd_mode
 .text.esc_set_can_mode
                0x08000500       0x54 ./Core/Src/esc.o
                0x08000500                esc_set_can_mode
 .text.esc_set_pwr
                0x08000554       0x22 ./Core/Src/esc.o
                0x08000554                esc_set_pwr
 *fill*         0x08000576        0x2 
 .text.main     0x08000578       0x40 ./Core/Src/main.o
                0x08000578                main
 .text.SystemClock_Config
                0x080005b8       0xa8 ./Core/Src/main.o
                0x080005b8                SystemClock_Config
 .text.MX_ADC1_Init
                0x08000660       0xc8 ./Core/Src/main.o
 .text.MX_CAN1_Init
                0x08000728       0x68 ./Core/Src/main.o
 .text.MX_I2C1_Init
                0x08000790       0x80 ./Core/Src/main.o
 .text.MX_SPI1_Init
                0x08000810       0x70 ./Core/Src/main.o
 .text.MX_DMA_Init
                0x08000880       0x4c ./Core/Src/main.o
 .text.MX_GPIO_Init
                0x080008cc      0x1d4 ./Core/Src/main.o
 .text.HAL_GPIO_EXTI_Callback
                0x08000aa0       0x16 ./Core/Src/main.o
                0x08000aa0                HAL_GPIO_EXTI_Callback
 .text.Error_Handler
                0x08000ab6        0xc ./Core/Src/main.o
                0x08000ab6                Error_Handler
 *fill*         0x08000ac2        0x2 
 .text.spi_int_assert
                0x08000ac4       0x18 ./Core/Src/rpi_spi_link.o
 .text.spi_int_deassert
                0x08000adc       0x18 ./Core/Src/rpi_spi_link.o
 .text.start_listening
                0x08000af4       0x30 ./Core/Src/rpi_spi_link.o
                0x08000af4                start_listening
 .text.link_init
                0x08000b24       0x5c ./Core/Src/rpi_spi_link.o
                0x08000b24                link_init
 .text.send_packet_to_pi
                0x08000b80       0x58 ./Core/Src/rpi_spi_link.o
                0x08000b80                send_packet_to_pi
 .text.HAL_SPI_TxRxCpltCallback
                0x08000bd8       0x3c ./Core/Src/rpi_spi_link.o
                0x08000bd8                HAL_SPI_TxRxCpltCallback
 .text.HAL_SPI_ErrorCallback
                0x08000c14       0x1a ./Core/Src/rpi_spi_link.o
                0x08000c14                HAL_SPI_ErrorCallback
 *fill*         0x08000c2e        0x2 
 .text.HAL_MspInit
                0x08000c30       0x48 ./Core/Src/stm32l4xx_hal_msp.o
                0x08000c30                HAL_MspInit
 .text.HAL_ADC_MspInit
                0x08000c78      0x13c ./Core/Src/stm32l4xx_hal_msp.o
                0x08000c78                HAL_ADC_MspInit
 .text.HAL_CAN_MspInit
                0x08000db4       0x88 ./Core/Src/stm32l4xx_hal_msp.o
                0x08000db4                HAL_CAN_MspInit
 .text.HAL_I2C_MspInit
                0x08000e3c       0xb4 ./Core/Src/stm32l4xx_hal_msp.o
                0x08000e3c                HAL_I2C_MspInit
 .text.HAL_SPI_MspInit
                0x08000ef0      0x188 ./Core/Src/stm32l4xx_hal_msp.o
                0x08000ef0                HAL_SPI_MspInit
 .text.NMI_Handler
                0x08001078        0x8 ./Core/Src/stm32l4xx_it.o
                0x08001078                NMI_Handler
 .text.HardFault_Handler
                0x08001080        0x8 ./Core/Src/stm32l4xx_it.o
                0x08001080                HardFault_Handler
 .text.MemManage_Handler
                0x08001088        0x8 ./Core/Src/stm32l4xx_it.o
                0x08001088                MemManage_Handler
 .text.BusFault_Handler
                0x08001090        0x8 ./Core/Src/stm32l4xx_it.o
                0x08001090                BusFault_Handler
 .text.UsageFault_Handler
                0x08001098        0x8 ./Core/Src/stm32l4xx_it.o
                0x08001098                UsageFault_Handler
 .text.SVC_Handler
                0x080010a0        0xe ./Core/Src/stm32l4xx_it.o
                0x080010a0                SVC_Handler
 .text.DebugMon_Handler
                0x080010ae        0xe ./Core/Src/stm32l4xx_it.o
                0x080010ae                DebugMon_Handler
 .text.PendSV_Handler
                0x080010bc        0xe ./Core/Src/stm32l4xx_it.o
                0x080010bc                PendSV_Handler
 .text.SysTick_Handler
                0x080010ca        0xc ./Core/Src/stm32l4xx_it.o
                0x080010ca                SysTick_Handler
 *fill*         0x080010d6        0x2 
 .text.DMA1_Channel2_IRQHandler
                0x080010d8       0x14 ./Core/Src/stm32l4xx_it.o
                0x080010d8                DMA1_Channel2_IRQHandler
 .text.DMA1_Channel3_IRQHandler
                0x080010ec       0x14 ./Core/Src/stm32l4xx_it.o
                0x080010ec                DMA1_Channel3_IRQHandler
 .text.EXTI9_5_IRQHandler
                0x08001100       0x14 ./Core/Src/stm32l4xx_it.o
                0x08001100                EXTI9_5_IRQHandler
 .text.SPI1_IRQHandler
                0x08001114       0x14 ./Core/Src/stm32l4xx_it.o
                0x08001114                SPI1_IRQHandler
 .text.SystemInit
                0x08001128       0x24 ./Core/Src/system_stm32l4xx.o
                0x08001128                SystemInit
 .text.Reset_Handler
                0x0800114c       0x50 ./Core/Startup/startup_stm32l433rctx.o
                0x0800114c                Reset_Handler
 .text.Default_Handler
                0x0800119c        0x2 ./Core/Startup/startup_stm32l433rctx.o
                0x0800119c                RTC_Alarm_IRQHandler
                0x0800119c                EXTI2_IRQHandler
                0x0800119c                TIM1_CC_IRQHandler
                0x0800119c                TSC_IRQHandler
                0x0800119c                TAMP_STAMP_IRQHandler
                0x0800119c                EXTI3_IRQHandler
                0x0800119c                LPTIM2_IRQHandler
                0x0800119c                I2C3_ER_IRQHandler
                0x0800119c                EXTI0_IRQHandler
                0x0800119c                I2C2_EV_IRQHandler
                0x0800119c                CAN1_RX0_IRQHandler
                0x0800119c                FPU_IRQHandler
                0x0800119c                TIM1_UP_TIM16_IRQHandler
                0x0800119c                TIM6_DAC_IRQHandler
                0x0800119c                DMA2_Channel2_IRQHandler
                0x0800119c                DMA1_Channel4_IRQHandler
                0x0800119c                ADC1_IRQHandler
                0x0800119c                USART3_IRQHandler
                0x0800119c                DMA1_Channel7_IRQHandler
                0x0800119c                CAN1_RX1_IRQHandler
                0x0800119c                LCD_IRQHandler
                0x0800119c                DMA2_Channel1_IRQHandler
                0x0800119c                QUADSPI_IRQHandler
                0x0800119c                I2C1_EV_IRQHandler
                0x0800119c                DMA1_Channel6_IRQHandler
                0x0800119c                DMA2_Channel4_IRQHandler
                0x0800119c                RCC_IRQHandler
                0x0800119c                TIM1_TRG_COM_IRQHandler
                0x0800119c                DMA1_Channel1_IRQHandler
                0x0800119c                Default_Handler
                0x0800119c                DMA2_Channel7_IRQHandler
                0x0800119c                EXTI15_10_IRQHandler
                0x0800119c                TIM7_IRQHandler
                0x0800119c                SDMMC1_IRQHandler
                0x0800119c                I2C3_EV_IRQHandler
                0x0800119c                USB_IRQHandler
                0x0800119c                RTC_WKUP_IRQHandler
                0x0800119c                PVD_PVM_IRQHandler
                0x0800119c                SPI2_IRQHandler
                0x0800119c                CAN1_TX_IRQHandler
                0x0800119c                DMA2_Channel5_IRQHandler
                0x0800119c                CRS_IRQHandler
                0x0800119c                DMA1_Channel5_IRQHandler
                0x0800119c                EXTI4_IRQHandler
                0x0800119c                RNG_IRQHandler
                0x0800119c                COMP_IRQHandler
                0x0800119c                WWDG_IRQHandler
                0x0800119c                LPUART1_IRQHandler
                0x0800119c                DMA2_Channel6_IRQHandler
                0x0800119c                TIM2_IRQHandler
                0x0800119c                EXTI1_IRQHandler
                0x0800119c                USART2_IRQHandler
                0x0800119c                I2C2_ER_IRQHandler
                0x0800119c                CAN1_SCE_IRQHandler
                0x0800119c                FLASH_IRQHandler
                0x0800119c                USART1_IRQHandler
                0x0800119c                SPI3_IRQHandler
                0x0800119c                I2C1_ER_IRQHandler
                0x0800119c                SWPMI1_IRQHandler
                0x0800119c                LPTIM1_IRQHandler
                0x0800119c                SAI1_IRQHandler
                0x0800119c                DMA2_Channel3_IRQHandler
                0x0800119c                TIM1_BRK_TIM15_IRQHandler
 .text.HAL_Init
                0x0800119e       0x30 ./Drivers/STM32L4xx_HAL_Driver/Src/stm32l4xx_hal.o
                0x0800119e                HAL_Init
 *fill*         0x080011ce        0x2 
 .text.HAL_InitTick
                0x080011d0       0x78 ./Drivers/STM32L4xx_HAL_Driver/Src/stm32l4xx_hal.o
                0x080011d0                HAL_InitTick
 .text.HAL_IncTick
                0x08001248       0x28 ./Drivers/STM32L4xx_HAL_Driver/Src/stm32l4xx_hal.o
                0x08001248                HAL_IncTick
 .text.HAL_GetTick
                0x08001270       0x18 ./Drivers/STM32L4xx_HAL_Driver/Src/stm32l4xx_hal.o
                0x08001270                HAL_GetTick
 .text.HAL_Delay
                0x08001288       0x48 ./Drivers/STM32L4xx_HAL_Driver/Src/stm32l4xx_hal.o
                0x08001288                HAL_Delay
 .text.LL_ADC_SetCommonClock
                0x080012d0       0x26 ./Drivers/STM32L4xx_HAL_Driver/Src/stm32l4xx_hal_adc.o
 .text.LL_ADC_SetCommonPathInternalCh
                0x080012f6       0x26 ./Drivers/STM32L4xx_HAL_Driver/Src/stm32l4xx_hal_adc.o
 .text.LL_ADC_GetCommonPathInternalCh
                0x0800131c       0x1c ./Drivers/STM32L4xx_HAL_Driver/Src/stm32l4xx_hal_adc.o
 .text.LL_ADC_SetOffset
                0x08001338       0x48 ./Drivers/STM32L4xx_HAL_Driver/Src/stm32l4xx_hal_adc.o
 .text.LL_ADC_GetOffsetChannel
                0x08001380       0x2c ./Drivers/STM32L4xx_HAL_Driver/Src/stm32l4xx_hal_adc.o
 .text.LL_ADC_SetOffsetState
                0x080013ac       0x36 ./Drivers/STM32L4xx_HAL_Driver/Src/stm32l4xx_hal_adc.o
 .text.LL_ADC_REG_IsTriggerSourceSWStart
                0x080013e2       0x26 ./Drivers/STM32L4xx_HAL_Driver/Src/stm32l4xx_hal_adc.o
 .text.LL_ADC_REG_SetSequencerRanks
                0x08001408       0x58 ./Drivers/STM32L4xx_HAL_Driver/Src/stm32l4xx_hal_adc.o
 .text.LL_ADC_SetChannelSamplingTime
                0x08001460       0x56 ./Drivers/STM32L4xx_HAL_Driver/Src/stm32l4xx_hal_adc.o
 *fill*         0x080014b6        0x2 
 .text.LL_ADC_SetChannelSingleDiff
                0x080014b8       0x48 ./Drivers/STM32L4xx_HAL_Driver/Src/stm32l4xx_hal_adc.o
 .text.LL_ADC_DisableDeepPowerDown
                0x08001500       0x24 ./Drivers/STM32L4xx_HAL_Driver/Src/stm32l4xx_hal_adc.o
 .text.LL_ADC_IsDeepPowerDownEnabled
                0x08001524       0x28 ./Drivers/STM32L4xx_HAL_Driver/Src/stm32l4xx_hal_adc.o
 .text.LL_ADC_EnableInternalRegulator
                0x0800154c       0x28 ./Drivers/STM32L4xx_HAL_Driver/Src/stm32l4xx_hal_adc.o
 .text.LL_ADC_IsInternalRegulatorEnabled
                0x08001574       0x28 ./Drivers/STM32L4xx_HAL_Driver/Src/stm32l4xx_hal_adc.o
 .text.LL_ADC_Enable
                0x0800159c       0x28 ./Drivers/STM32L4xx_HAL_Driver/Src/stm32l4xx_hal_adc.o
 .text.LL_ADC_Disable
                0x080015c4       0x28 ./Drivers/STM32L4xx_HAL_Driver/Src/stm32l4xx_hal_adc.o
 .text.LL_ADC_IsEnabled
                0x080015ec       0x26 ./Drivers/STM32L4xx_HAL_Driver/Src/stm32l4xx_hal_adc.o
 .text.LL_ADC_IsDisableOngoing
                0x08001612       0x26 ./Drivers/STM32L4xx_HAL_Driver/Src/stm32l4xx_hal_adc.o
 .text.LL_ADC_REG_StartConversion
                0x08001638       0x28 ./Drivers/STM32L4xx_HAL_Driver/Src/stm32l4xx_hal_adc.o
 .text.LL_ADC_REG_StopConversion
                0x08001660       0x28 ./Drivers/STM32L4xx_HAL_Driver/Src/stm32l4xx_hal_adc.o
 .text.LL_ADC_REG_IsConversionOngoing
                0x08001688       0x26 ./Drivers/STM32L4xx_HAL_Driver/Src/stm32l4xx_hal_adc.o
 .text.LL_ADC_INJ_StopConversion
                0x080016ae       0x28 ./Drivers/STM32L4xx_HAL_Driver/Src/stm32l4xx_hal_adc.o
 .text.LL_ADC_INJ_IsConversionOngoing
                0x080016d6       0x26 ./Drivers/STM32L4xx_HAL_Driver/Src/stm32l4xx_hal_adc.o
 .text.HAL_ADC_Init
                0x080016fc      0x284 ./Drivers/STM32L4xx_HAL_Driver/Src/stm32l4xx_hal_adc.o
                0x080016fc                HAL_ADC_Init
 .text.HAL_ADC_Start
                0x08001980       0xc6 ./Drivers/STM32L4xx_HAL_Driver/Src/stm32l4xx_hal_adc.o
                0x08001980                HAL_ADC_Start
 .text.HAL_ADC_Stop
                0x08001a46       0x66 ./Drivers/STM32L4xx_HAL_Driver/Src/stm32l4xx_hal_adc.o
                0x08001a46                HAL_ADC_Stop
 .text.HAL_ADC_PollForConversion
                0x08001aac      0x11e ./Drivers/STM32L4xx_HAL_Driver/Src/stm32l4xx_hal_adc.o
                0x08001aac                HAL_ADC_PollForConversion
 .text.HAL_ADC_GetValue
                0x08001bca       0x1a ./Drivers/STM32L4xx_HAL_Driver/Src/stm32l4xx_hal_adc.o
                0x08001bca                HAL_ADC_GetValue
 .text.HAL_ADC_ConfigChannel
                0x08001be4      0x7c4 ./Drivers/STM32L4xx_HAL_Driver/Src/stm32l4xx_hal_adc.o
                0x08001be4                HAL_ADC_ConfigChannel
 .text.ADC_ConversionStop
                0x080023a8      0x178 ./Drivers/STM32L4xx_HAL_Driver/Src/stm32l4xx_hal_adc.o
                0x080023a8                ADC_ConversionStop
 .text.ADC_Enable
                0x08002520      0x10c ./Drivers/STM32L4xx_HAL_Driver/Src/stm32l4xx_hal_adc.o
                0x08002520                ADC_Enable
 .text.ADC_Disable
                0x0800262c       0xbe ./Drivers/STM32L4xx_HAL_Driver/Src/stm32l4xx_hal_adc.o
                0x0800262c                ADC_Disable
 .text.LL_ADC_StartCalibration
                0x080026ea       0x32 ./Drivers/STM32L4xx_HAL_Driver/Src/stm32l4xx_hal_adc_ex.o
 .text.LL_ADC_IsCalibrationOnGoing
                0x0800271c       0x28 ./Drivers/STM32L4xx_HAL_Driver/Src/stm32l4xx_hal_adc_ex.o
 .text.HAL_ADCEx_Calibration_Start
                0x08002744       0xc0 ./Drivers/STM32L4xx_HAL_Driver/Src/stm32l4xx_hal_adc_ex.o
                0x08002744                HAL_ADCEx_Calibration_Start
 .text.HAL_CAN_Init
                0x08002804      0x1f6 ./Drivers/STM32L4xx_HAL_Driver/Src/stm32l4xx_hal_can.o
                0x08002804                HAL_CAN_Init
 *fill*         0x080029fa        0x2 
 .text.__NVIC_SetPriorityGrouping
                0x080029fc       0x48 ./Drivers/STM32L4xx_HAL_Driver/Src/stm32l4xx_hal_cortex.o
 .text.__NVIC_GetPriorityGrouping
                0x08002a44       0x1c ./Drivers/STM32L4xx_HAL_Driver/Src/stm32l4xx_hal_cortex.o
 .text.__NVIC_EnableIRQ
                0x08002a60       0x3c ./Drivers/STM32L4xx_HAL_Driver/Src/stm32l4xx_hal_cortex.o
 .text.__NVIC_SetPriority
                0x08002a9c       0x54 ./Drivers/STM32L4xx_HAL_Driver/Src/stm32l4xx_hal_cortex.o
 .text.NVIC_EncodePriority
                0x08002af0       0x66 ./Drivers/STM32L4xx_HAL_Driver/Src/stm32l4xx_hal_cortex.o
 *fill*         0x08002b56        0x2 
 .text.SysTick_Config
                0x08002b58       0x44 ./Drivers/STM32L4xx_HAL_Driver/Src/stm32l4xx_hal_cortex.o
 .text.HAL_NVIC_SetPriorityGrouping
                0x08002b9c       0x16 ./Drivers/STM32L4xx_HAL_Driver/Src/stm32l4xx_hal_cortex.o
                0x08002b9c                HAL_NVIC_SetPriorityGrouping
 .text.HAL_NVIC_SetPriority
                0x08002bb2       0x38 ./Drivers/STM32L4xx_HAL_Driver/Src/stm32l4xx_hal_cortex.o
                0x08002bb2                HAL_NVIC_SetPriority
 .text.HAL_NVIC_EnableIRQ
                0x08002bea       0x1c ./Drivers/STM32L4xx_HAL_Driver/Src/stm32l4xx_hal_cortex.o
                0x08002bea                HAL_NVIC_EnableIRQ
 .text.HAL_SYSTICK_Config
                0x08002c06       0x18 ./Drivers/STM32L4xx_HAL_Driver/Src/stm32l4xx_hal_cortex.o
                0x08002c06                HAL_SYSTICK_Config
 *fill*         0x08002c1e        0x2 
 .text.HAL_DMA_Init
                0x08002c20      0x170 ./Drivers/STM32L4xx_HAL_Driver/Src/stm32l4xx_hal_dma.o
                0x08002c20                HAL_DMA_Init
 .text.HAL_DMA_Start_IT
                0x08002d90       0xc0 ./Drivers/STM32L4xx_HAL_Driver/Src/stm32l4xx_hal_dma.o
                0x08002d90                HAL_DMA_Start_IT
 .text.HAL_DMA_Abort
                0x08002e50       0x7c ./Drivers/STM32L4xx_HAL_Driver/Src/stm32l4xx_hal_dma.o
                0x08002e50                HAL_DMA_Abort
 .text.HAL_DMA_Abort_IT
                0x08002ecc       0x82 ./Drivers/STM32L4xx_HAL_Driver/Src/stm32l4xx_hal_dma.o
                0x08002ecc                HAL_DMA_Abort_IT
 .text.HAL_DMA_IRQHandler
                0x08002f4e      0x15e ./Drivers/STM32L4xx_HAL_Driver/Src/stm32l4xx_hal_dma.o
                0x08002f4e                HAL_DMA_IRQHandler
 .text.DMA_SetConfig
                0x080030ac       0x60 ./Drivers/STM32L4xx_HAL_Driver/Src/stm32l4xx_hal_dma.o
 .text.HAL_GPIO_Init
                0x0800310c      0x2f4 ./Drivers/STM32L4xx_HAL_Driver/Src/stm32l4xx_hal_gpio.o
                0x0800310c                HAL_GPIO_Init
 .text.HAL_GPIO_WritePin
                0x08003400       0x30 ./Drivers/STM32L4xx_HAL_Driver/Src/stm32l4xx_hal_gpio.o
                0x08003400                HAL_GPIO_WritePin
 .text.HAL_GPIO_TogglePin
                0x08003430       0x34 ./Drivers/STM32L4xx_HAL_Driver/Src/stm32l4xx_hal_gpio.o
                0x08003430                HAL_GPIO_TogglePin
 .text.HAL_GPIO_EXTI_IRQHandler
                0x08003464       0x30 ./Drivers/STM32L4xx_HAL_Driver/Src/stm32l4xx_hal_gpio.o
                0x08003464                HAL_GPIO_EXTI_IRQHandler
 .text.HAL_I2C_Init
                0x08003494      0x136 ./Drivers/STM32L4xx_HAL_Driver/Src/stm32l4xx_hal_i2c.o
                0x08003494                HAL_I2C_Init
 .text.HAL_I2CEx_ConfigAnalogFilter
                0x080035ca       0x96 ./Drivers/STM32L4xx_HAL_Driver/Src/stm32l4xx_hal_i2c_ex.o
                0x080035ca                HAL_I2CEx_ConfigAnalogFilter
 .text.HAL_I2CEx_ConfigDigitalFilter
                0x08003660       0x98 ./Drivers/STM32L4xx_HAL_Driver/Src/stm32l4xx_hal_i2c_ex.o
                0x08003660                HAL_I2CEx_ConfigDigitalFilter
 .text.HAL_PWREx_GetVoltageRange
                0x080036f8       0x1c ./Drivers/STM32L4xx_HAL_Driver/Src/stm32l4xx_hal_pwr_ex.o
                0x080036f8                HAL_PWREx_GetVoltageRange
 .text.HAL_PWREx_ControlVoltageScaling
                0x08003714       0xac ./Drivers/STM32L4xx_HAL_Driver/Src/stm32l4xx_hal_pwr_ex.o
                0x08003714                HAL_PWREx_ControlVoltageScaling
 .text.HAL_RCC_OscConfig
                0x080037c0      0x828 ./Drivers/STM32L4xx_HAL_Driver/Src/stm32l4xx_hal_rcc.o
                0x080037c0                HAL_RCC_OscConfig
 .text.HAL_RCC_ClockConfig
                0x08003fe8      0x200 ./Drivers/STM32L4xx_HAL_Driver/Src/stm32l4xx_hal_rcc.o
                0x08003fe8                HAL_RCC_ClockConfig
 .text.HAL_RCC_GetSysClockFreq
                0x080041e8      0x118 ./Drivers/STM32L4xx_HAL_Driver/Src/stm32l4xx_hal_rcc.o
                0x080041e8                HAL_RCC_GetSysClockFreq
 .text.RCC_SetFlashLatencyFromMSIRange
                0x08004300       0xc0 ./Drivers/STM32L4xx_HAL_Driver/Src/stm32l4xx_hal_rcc.o
 .text.HAL_RCCEx_PeriphCLKConfig
                0x080043c0      0x494 ./Drivers/STM32L4xx_HAL_Driver/Src/stm32l4xx_hal_rcc_ex.o
                0x080043c0                HAL_RCCEx_PeriphCLKConfig
 .text.RCCEx_PLLSAI1_Config
                0x08004854      0x1e4 ./Drivers/STM32L4xx_HAL_Driver/Src/stm32l4xx_hal_rcc_ex.o
 .text.HAL_SPI_Init
                0x08004a38      0x146 ./Drivers/STM32L4xx_HAL_Driver/Src/stm32l4xx_hal_spi.o
                0x08004a38                HAL_SPI_Init
 *fill*         0x08004b7e        0x2 
 .text.HAL_SPI_TransmitReceive_DMA
                0x08004b80      0x30c ./Drivers/STM32L4xx_HAL_Driver/Src/stm32l4xx_hal_spi.o
                0x08004b80                HAL_SPI_TransmitReceive_DMA
 .text.HAL_SPI_Abort
                0x08004e8c      0x240 ./Drivers/STM32L4xx_HAL_Driver/Src/stm32l4xx_hal_spi.o
                0x08004e8c                HAL_SPI_Abort
 .text.HAL_SPI_IRQHandler
                0x080050cc      0x200 ./Drivers/STM32L4xx_HAL_Driver/Src/stm32l4xx_hal_spi.o
                0x080050cc                HAL_SPI_IRQHandler
 .text.HAL_SPI_RxCpltCallback
                0x080052cc       0x14 ./Drivers/STM32L4xx_HAL_Driver/Src/stm32l4xx_hal_spi.o
                0x080052cc                HAL_SPI_RxCpltCallback
 .text.HAL_SPI_RxHalfCpltCallback
                0x080052e0       0x14 ./Drivers/STM32L4xx_HAL_Driver/Src/stm32l4xx_hal_spi.o
                0x080052e0                HAL_SPI_RxHalfCpltCallback
 .text.HAL_SPI_TxRxHalfCpltCallback
                0x080052f4       0x14 ./Drivers/STM32L4xx_HAL_Driver/Src/stm32l4xx_hal_spi.o
                0x080052f4                HAL_SPI_TxRxHalfCpltCallback
 .text.SPI_DMAReceiveCplt
                0x08005308       0xa8 ./Drivers/STM32L4xx_HAL_Driver/Src/stm32l4xx_hal_spi.o
 .text.SPI_DMATransmitReceiveCplt
                0x080053b0       0x90 ./Drivers/STM32L4xx_HAL_Driver/Src/stm32l4xx_hal_spi.o
 .text.SPI_DMAHalfReceiveCplt
                0x08005440       0x1c ./Drivers/STM32L4xx_HAL_Driver/Src/stm32l4xx_hal_spi.o
 .text.SPI_DMAHalfTransmitReceiveCplt
                0x0800545c       0x1c ./Drivers/STM32L4xx_HAL_Driver/Src/stm32l4xx_hal_spi.o
 .text.SPI_DMAError
                0x08005478       0x40 ./Drivers/STM32L4xx_HAL_Driver/Src/stm32l4xx_hal_spi.o
 .text.SPI_DMAAbortOnError
                0x080054b8       0x2a ./Drivers/STM32L4xx_HAL_Driver/Src/stm32l4xx_hal_spi.o
 *fill*         0x080054e2        0x2 
 .text.SPI_WaitFlagStateUntilTimeout
                0x080054e4      0x110 ./Drivers/STM32L4xx_HAL_Driver/Src/stm32l4xx_hal_spi.o
 .text.SPI_WaitFifoStateUntilTimeout
                0x080055f4      0x12c ./Drivers/STM32L4xx_HAL_Driver/Src/stm32l4xx_hal_spi.o
 .text.SPI_EndRxTransaction
                0x08005720       0xb0 ./Drivers/STM32L4xx_HAL_Driver/Src/stm32l4xx_hal_spi.o
 .text.SPI_EndRxTxTransaction
                0x080057d0       0x8c ./Drivers/STM32L4xx_HAL_Driver/Src/stm32l4xx_hal_spi.o
 .text.SPI_AbortRx_ISR
                0x0800585c       0xc0 ./Drivers/STM32L4xx_HAL_Driver/Src/stm32l4xx_hal_spi.o
 .text.SPI_AbortTx_ISR
                0x0800591c      0x144 ./Drivers/STM32L4xx_HAL_Driver/Src/stm32l4xx_hal_spi.o
 .text.memset   0x08005a60       0x10 C:/ST/STM32CubeIDE_1.18.1/STM32CubeIDE/plugins/com.st.stm32cube.ide.mcu.externaltools.gnu-tools-for-stm32.13.3.rel1.win32_1.0.0.202411081344/tools/bin/../lib/gcc/arm-none-eabi/13.3.1/../../../../arm-none-eabi/lib/thumb/v7e-m+fp/hard\libc_nano.a(libc_a-memset.o)
                0x08005a60                memset
 .text.__libc_init_array
                0x08005a70       0x48 C:/ST/STM32CubeIDE_1.18.1/STM32CubeIDE/plugins/com.st.stm32cube.ide.mcu.externaltools.gnu-tools-for-stm32.13.3.rel1.win32_1.0.0.202411081344/tools/bin/../lib/gcc/arm-none-eabi/13.3.1/../../../../arm-none-eabi/lib/thumb/v7e-m+fp/hard\libc_nano.a(libc_a-init.o)
                0x08005a70                __libc_init_array
 .text.memcpy   0x08005ab8       0x1c C:/ST/STM32CubeIDE_1.18.1/STM32CubeIDE/plugins/com.st.stm32cube.ide.mcu.externaltools.gnu-tools-for-stm32.13.3.rel1.win32_1.0.0.202411081344/tools/bin/../lib/gcc/arm-none-eabi/13.3.1/../../../../arm-none-eabi/lib/thumb/v7e-m+fp/hard\libc_nano.a(libc_a-memcpy-stub.o)
                0x08005ab8                memcpy
 *(.glue_7)
 .glue_7        0x08005ad4        0x0 linker stubs
 *(.glue_7t)
 .glue_7t       0x08005ad4        0x0 linker stubs
 *(.eh_frame)
 .eh_frame      0x08005ad4        0x0 C:/ST/STM32CubeIDE_1.18.1/STM32CubeIDE/plugins/com.st.stm32cube.ide.mcu.externaltools.gnu-tools-for-stm32.13.3.rel1.win32_1.0.0.202411081344/tools/bin/../lib/gcc/arm-none-eabi/13.3.1/thumb/v7e-m+fp/hard/crtbegin.o
 *(.init)
 .init          0x08005ad4        0x4 C:/ST/STM32CubeIDE_1.18.1/STM32CubeIDE/plugins/com.st.stm32cube.ide.mcu.externaltools.gnu-tools-for-stm32.13.3.rel1.win32_1.0.0.202411081344/tools/bin/../lib/gcc/arm-none-eabi/13.3.1/thumb/v7e-m+fp/hard/crti.o
                0x08005ad4                _init
 .init          0x08005ad8        0x8 C:/ST/STM32CubeIDE_1.18.1/STM32CubeIDE/plugins/com.st.stm32cube.ide.mcu.externaltools.gnu-tools-for-stm32.13.3.rel1.win32_1.0.0.202411081344/tools/bin/../lib/gcc/arm-none-eabi/13.3.1/thumb/v7e-m+fp/hard/crtn.o
 *(.fini)
 .fini          0x08005ae0        0x4 C:/ST/STM32CubeIDE_1.18.1/STM32CubeIDE/plugins/com.st.stm32cube.ide.mcu.externaltools.gnu-tools-for-stm32.13.3.rel1.win32_1.0.0.202411081344/tools/bin/../lib/gcc/arm-none-eabi/13.3.1/thumb/v7e-m+fp/hard/crti.o
                0x08005ae0                _fini
 .fini          0x08005ae4        0x8 C:/ST/STM32CubeIDE_1.18.1/STM32CubeIDE/plugins/com.st.stm32cube.ide.mcu.externaltools.gnu-tools-for-stm32.13.3.rel1.win32_1.0.0.202411081344/tools/bin/../lib/gcc/arm-none-eabi/13.3.1/thumb/v7e-m+fp/hard/crtn.o
                0x08005aec                        . = ALIGN (0x4)
                0x08005aec                        _etext = .

.vfp11_veneer   0x08005aec        0x0
 .vfp11_veneer  0x08005aec        0x0 linker stubs

.v4_bx          0x08005aec        0x0
 .v4_bx         0x08005aec        0x0 linker stubs

.iplt           0x08005aec        0x0
 .iplt          0x08005aec        0x0 C:/ST/STM32CubeIDE_1.18.1/STM32CubeIDE/plugins/com.st.stm32cube.ide.mcu.externaltools.gnu-tools-for-stm32.13.3.rel1.win32_1.0.0.202411081344/tools/bin/../lib/gcc/arm-none-eabi/13.3.1/thumb/v7e-m+fp/hard/crtbegin.o

.rodata         0x08005aec       0x58
                0x08005aec                        . = ALIGN (0x4)
 *(.rodata)
 .rodata        0x08005aec       0x16 ./Core/Src/rpi_spi_link.o
 *(.rodata*)
 *fill*         0x08005b02        0x2 
 .rodata.AHBPrescTable
                0x08005b04       0x10 ./Core/Src/system_stm32l4xx.o
                0x08005b04                AHBPrescTable
 .rodata.MSIRangeTable
                0x08005b14       0x30 ./Core/Src/system_stm32l4xx.o
                0x08005b14                MSIRangeTable
                0x08005b44                        . = ALIGN (0x4)

.ARM.extab      0x08005b44        0x0
                0x08005b44                        . = ALIGN (0x4)
 *(.ARM.extab* .gnu.linkonce.armextab.*)
                0x08005b44                        . = ALIGN (0x4)

.ARM            0x08005b44        0x8
                0x08005b44                        . = ALIGN (0x4)
                0x08005b44                        __exidx_start = .
 *(.ARM.exidx*)
 .ARM.exidx     0x08005b44        0x8 C:/ST/STM32CubeIDE_1.18.1/STM32CubeIDE/plugins/com.st.stm32cube.ide.mcu.externaltools.gnu-tools-for-stm32.13.3.rel1.win32_1.0.0.202411081344/tools/bin/../lib/gcc/arm-none-eabi/13.3.1/../../../../arm-none-eabi/lib/thumb/v7e-m+fp/hard\libc_nano.a(libc_a-strlen.o)
                0x08005b4c                        __exidx_end = .
                0x08005b4c                        . = ALIGN (0x4)

.preinit_array  0x08005b4c        0x0
                0x08005b4c                        . = ALIGN (0x4)
                0x08005b4c                        PROVIDE (__preinit_array_start = .)
 *(.preinit_array*)
                0x08005b4c                        PROVIDE (__preinit_array_end = .)
                0x08005b4c                        . = ALIGN (0x4)

.init_array     0x08005b4c        0x4
                0x08005b4c                        . = ALIGN (0x4)
                0x08005b4c                        PROVIDE (__init_array_start = .)
 *(SORT_BY_NAME(.init_array.*))
 *(.init_array*)
 .init_array    0x08005b4c        0x4 C:/ST/STM32CubeIDE_1.18.1/STM32CubeIDE/plugins/com.st.stm32cube.ide.mcu.externaltools.gnu-tools-for-stm32.13.3.rel1.win32_1.0.0.202411081344/tools/bin/../lib/gcc/arm-none-eabi/13.3.1/thumb/v7e-m+fp/hard/crtbegin.o
                0x08005b50                        PROVIDE (__init_array_end = .)
                0x08005b50                        . = ALIGN (0x4)

.fini_array     0x08005b50        0x4
                0x08005b50                        . = ALIGN (0x4)
                [!provide]                        PROVIDE (__fini_array_start = .)
 *(SORT_BY_NAME(.fini_array.*))
 *(.fini_array*)
 .fini_array    0x08005b50        0x4 C:/ST/STM32CubeIDE_1.18.1/STM32CubeIDE/plugins/com.st.stm32cube.ide.mcu.externaltools.gnu-tools-for-stm32.13.3.rel1.win32_1.0.0.202411081344/tools/bin/../lib/gcc/arm-none-eabi/13.3.1/thumb/v7e-m+fp/hard/crtbegin.o
                [!provide]                        PROVIDE (__fini_array_end = .)
                0x08005b54                        . = ALIGN (0x4)
                0x08005b54                        _sidata = LOADADDR (.data)

.rel.dyn        0x08005b54        0x0
 .rel.iplt      0x08005b54        0x0 C:/ST/STM32CubeIDE_1.18.1/STM32CubeIDE/plugins/com.st.stm32cube.ide.mcu.externaltools.gnu-tools-for-stm32.13.3.rel1.win32_1.0.0.202411081344/tools/bin/../lib/gcc/arm-none-eabi/13.3.1/thumb/v7e-m+fp/hard/crtbegin.o

.data           0x20000000       0x64 load address 0x08005b54
                0x20000000                        . = ALIGN (0x4)
                0x20000000                        _sdata = .
 *(.data)
 *(.data*)
 .data.adc_channels_resistance
                0x20000000       0x24 ./Core/Src/app.o
                0x20000000                adc_channels_resistance
 .data.voltage_nets_modes
                0x20000024        0x7 ./Core/Src/esc.o
                0x20000024                voltage_nets_modes
 *fill*         0x2000002b        0x1 
 .data.voltage_net_pins
                0x2000002c        0xe ./Core/Src/esc.o
                0x2000002c                voltage_net_pins
 *fill*         0x2000003a        0x2 
 .data.voltage_net_ports
                0x2000003c       0x1c ./Core/Src/esc.o
                0x2000003c                voltage_net_ports
 .data.SystemCoreClock
                0x20000058        0x4 ./Core/Src/system_stm32l4xx.o
                0x20000058                SystemCoreClock
 .data.uwTickPrio
                0x2000005c        0x4 ./Drivers/STM32L4xx_HAL_Driver/Src/stm32l4xx_hal.o
                0x2000005c                uwTickPrio
 .data.uwTickFreq
                0x20000060        0x1 ./Drivers/STM32L4xx_HAL_Driver/Src/stm32l4xx_hal.o
                0x20000060                uwTickFreq
 *(.RamFunc)
 *(.RamFunc*)
                0x20000064                        . = ALIGN (0x4)
 *fill*         0x20000061        0x3 
                0x20000064                        _edata = .

.igot.plt       0x20000064        0x0 load address 0x08005bb8
 .igot.plt      0x20000064        0x0 C:/ST/STM32CubeIDE_1.18.1/STM32CubeIDE/plugins/com.st.stm32cube.ide.mcu.externaltools.gnu-tools-for-stm32.13.3.rel1.win32_1.0.0.202411081344/tools/bin/../lib/gcc/arm-none-eabi/13.3.1/thumb/v7e-m+fp/hard/crtbegin.o
                0x20000064                        . = ALIGN (0x4)

.bss            0x20000064      0xe0c load address 0x08005bb8
                0x20000064                        _sbss = .
                0x20000064                        __bss_start__ = _sbss
 *(.bss)
 .bss           0x20000064       0x1c C:/ST/STM32CubeIDE_1.18.1/STM32CubeIDE/plugins/com.st.stm32cube.ide.mcu.externaltools.gnu-tools-for-stm32.13.3.rel1.win32_1.0.0.202411081344/tools/bin/../lib/gcc/arm-none-eabi/13.3.1/thumb/v7e-m+fp/hard/crtbegin.o
 *(.bss*)
 .bss.h_adc     0x20000080        0x4 ./Core/Src/app.o
 .bss.h_can     0x20000084        0x4 ./Core/Src/app.o
 .bss.h_spi     0x20000088        0x4 ./Core/Src/app.o
 .bss.packet_recieved
                0x2000008c        0x1 ./Core/Src/app.o
                0x2000008c                packet_recieved
 *fill*         0x2000008d        0x3 
 .bss.hadc1     0x20000090       0x64 ./Core/Src/main.o
                0x20000090                hadc1
 .bss.hcan1     0x200000f4       0x28 ./Core/Src/main.o
                0x200000f4                hcan1
 .bss.hi2c1     0x2000011c       0x54 ./Core/Src/main.o
                0x2000011c                hi2c1
 .bss.hspi1     0x20000170       0x64 ./Core/Src/main.o
                0x20000170                hspi1
 .bss.hdma_spi1_rx
                0x200001d4       0x48 ./Core/Src/main.o
                0x200001d4                hdma_spi1_rx
 .bss.hdma_spi1_tx
                0x2000021c       0x48 ./Core/Src/main.o
                0x2000021c                hdma_spi1_tx
 .bss.spi_tx_buf
                0x20000264      0x400 ./Core/Src/rpi_spi_link.o
 .bss.spi_rx_buf
                0x20000664      0x400 ./Core/Src/rpi_spi_link.o
 .bss.rx_copy_buffer
                0x20000a64      0x400 ./Core/Src/rpi_spi_link.o
 .bss.h_spi     0x20000e64        0x4 ./Core/Src/rpi_spi_link.o
 .bss.h_packet_recieved
                0x20000e68        0x4 ./Core/Src/rpi_spi_link.o
                0x20000e68                h_packet_recieved
 .bss.uwTick    0x20000e6c        0x4 ./Drivers/STM32L4xx_HAL_Driver/Src/stm32l4xx_hal.o
                0x20000e6c                uwTick
 *(COMMON)
                0x20000e70                        . = ALIGN (0x4)
                0x20000e70                        _ebss = .
                0x20000e70                        __bss_end__ = _ebss

._user_heap_stack
                0x20000e70      0x600 load address 0x08005bb8
                0x20000e70                        . = ALIGN (0x8)
                [!provide]                        PROVIDE (end = .)
                0x20000e70                        PROVIDE (_end = .)
                0x20001070                        . = (. + _Min_Heap_Size)
 *fill*         0x20000e70      0x200 
                0x20001470                        . = (. + _Min_Stack_Size)
 *fill*         0x20001070      0x400 
                0x20001470                        . = ALIGN (0x8)

/DISCARD/
 libc.a(*)
 libm.a(*)
 libgcc.a(*)

.ARM.attributes
                0x00000000       0x30
 *(.ARM.attributes)
 .ARM.attributes
                0x00000000       0x22 C:/ST/STM32CubeIDE_1.18.1/STM32CubeIDE/plugins/com.st.stm32cube.ide.mcu.externaltools.gnu-tools-for-stm32.13.3.rel1.win32_1.0.0.202411081344/tools/bin/../lib/gcc/arm-none-eabi/13.3.1/thumb/v7e-m+fp/hard/crti.o
 .ARM.attributes
                0x00000022       0x34 C:/ST/STM32CubeIDE_1.18.1/STM32CubeIDE/plugins/com.st.stm32cube.ide.mcu.externaltools.gnu-tools-for-stm32.13.3.rel1.win32_1.0.0.202411081344/tools/bin/../lib/gcc/arm-none-eabi/13.3.1/thumb/v7e-m+fp/hard/crtbegin.o
 .ARM.attributes
                0x00000056       0x34 ./Core/Src/app.o
 .ARM.attributes
                0x0000008a       0x34 ./Core/Src/esc.o
 .ARM.attributes
                0x000000be       0x34 ./Core/Src/main.o
 .ARM.attributes
                0x000000f2       0x34 ./Core/Src/rpi_spi_link.o
 .ARM.attributes
                0x00000126       0x34 ./Core/Src/stm32l4xx_hal_msp.o
 .ARM.attributes
                0x0000015a       0x34 ./Core/Src/stm32l4xx_it.o
 .ARM.attributes
                0x0000018e       0x34 ./Core/Src/system_stm32l4xx.o
 .ARM.attributes
                0x000001c2       0x21 ./Core/Startup/startup_stm32l433rctx.o
 .ARM.attributes
                0x000001e3       0x34 ./Drivers/STM32L4xx_HAL_Driver/Src/stm32l4xx_hal.o
 .ARM.attributes
                0x00000217       0x34 ./Drivers/STM32L4xx_HAL_Driver/Src/stm32l4xx_hal_adc.o
 .ARM.attributes
                0x0000024b       0x34 ./Drivers/STM32L4xx_HAL_Driver/Src/stm32l4xx_hal_adc_ex.o
 .ARM.attributes
                0x0000027f       0x34 ./Drivers/STM32L4xx_HAL_Driver/Src/stm32l4xx_hal_can.o
 .ARM.attributes
                0x000002b3       0x34 ./Drivers/STM32L4xx_HAL_Driver/Src/stm32l4xx_hal_cortex.o
 .ARM.attributes
                0x000002e7       0x34 ./Drivers/STM32L4xx_HAL_Driver/Src/stm32l4xx_hal_dma.o
 .ARM.attributes
                0x0000031b       0x34 ./Drivers/STM32L4xx_HAL_Driver/Src/stm32l4xx_hal_gpio.o
 .ARM.attributes
                0x0000034f       0x34 ./Drivers/STM32L4xx_HAL_Driver/Src/stm32l4xx_hal_i2c.o
 .ARM.attributes
                0x00000383       0x34 ./Drivers/STM32L4xx_HAL_Driver/Src/stm32l4xx_hal_i2c_ex.o
 .ARM.attributes
                0x000003b7       0x34 ./Drivers/STM32L4xx_HAL_Driver/Src/stm32l4xx_hal_pwr_ex.o
 .ARM.attributes
                0x000003eb       0x34 ./Drivers/STM32L4xx_HAL_Driver/Src/stm32l4xx_hal_rcc.o
 .ARM.attributes
                0x0000041f       0x34 ./Drivers/STM32L4xx_HAL_Driver/Src/stm32l4xx_hal_rcc_ex.o
 .ARM.attributes
                0x00000453       0x34 ./Drivers/STM32L4xx_HAL_Driver/Src/stm32l4xx_hal_spi.o
 .ARM.attributes
                0x00000487       0x34 C:/ST/STM32CubeIDE_1.18.1/STM32CubeIDE/plugins/com.st.stm32cube.ide.mcu.externaltools.gnu-tools-for-stm32.13.3.rel1.win32_1.0.0.202411081344/tools/bin/../lib/gcc/arm-none-eabi/13.3.1/../../../../arm-none-eabi/lib/thumb/v7e-m+fp/hard\libc_nano.a(libc_a-memset.o)
 .ARM.attributes
                0x000004bb       0x34 C:/ST/STM32CubeIDE_1.18.1/STM32CubeIDE/plugins/com.st.stm32cube.ide.mcu.externaltools.gnu-tools-for-stm32.13.3.rel1.win32_1.0.0.202411081344/tools/bin/../lib/gcc/arm-none-eabi/13.3.1/../../../../arm-none-eabi/lib/thumb/v7e-m+fp/hard\libc_nano.a(libc_a-init.o)
 .ARM.attributes
                0x000004ef       0x34 C:/ST/STM32CubeIDE_1.18.1/STM32CubeIDE/plugins/com.st.stm32cube.ide.mcu.externaltools.gnu-tools-for-stm32.13.3.rel1.win32_1.0.0.202411081344/tools/bin/../lib/gcc/arm-none-eabi/13.3.1/../../../../arm-none-eabi/lib/thumb/v7e-m+fp/hard\libc_nano.a(libc_a-memcpy-stub.o)
 .ARM.attributes
                0x00000523       0x17 C:/ST/STM32CubeIDE_1.18.1/STM32CubeIDE/plugins/com.st.stm32cube.ide.mcu.externaltools.gnu-tools-for-stm32.13.3.rel1.win32_1.0.0.202411081344/tools/bin/../lib/gcc/arm-none-eabi/13.3.1/../../../../arm-none-eabi/lib/thumb/v7e-m+fp/hard\libc_nano.a(libc_a-strlen.o)
 .ARM.attributes
                0x0000053a       0x22 C:/ST/STM32CubeIDE_1.18.1/STM32CubeIDE/plugins/com.st.stm32cube.ide.mcu.externaltools.gnu-tools-for-stm32.13.3.rel1.win32_1.0.0.202411081344/tools/bin/../lib/gcc/arm-none-eabi/13.3.1/thumb/v7e-m+fp/hard/crtn.o
OUTPUT(L433RC_INTEGRATED.elf elf32-littlearm)
LOAD linker stubs
LOAD C:/ST/STM32CubeIDE_1.18.1/STM32CubeIDE/plugins/com.st.stm32cube.ide.mcu.externaltools.gnu-tools-for-stm32.13.3.rel1.win32_1.0.0.202411081344/tools/bin/../lib/gcc/arm-none-eabi/13.3.1/../../../../arm-none-eabi/lib/thumb/v7e-m+fp/hard\libc.a
LOAD C:/ST/STM32CubeIDE_1.18.1/STM32CubeIDE/plugins/com.st.stm32cube.ide.mcu.externaltools.gnu-tools-for-stm32.13.3.rel1.win32_1.0.0.202411081344/tools/bin/../lib/gcc/arm-none-eabi/13.3.1/../../../../arm-none-eabi/lib/thumb/v7e-m+fp/hard\libm.a
LOAD C:/ST/STM32CubeIDE_1.18.1/STM32CubeIDE/plugins/com.st.stm32cube.ide.mcu.externaltools.gnu-tools-for-stm32.13.3.rel1.win32_1.0.0.202411081344/tools/bin/../lib/gcc/arm-none-eabi/13.3.1/thumb/v7e-m+fp/hard\libgcc.a

.debug_info     0x00000000    0x1333b
 .debug_info    0x00000000     0x12ea ./Core/Src/app.o
 .debug_info    0x000012ea      0x402 ./Core/Src/esc.o
 .debug_info    0x000016ec     0x1b23 ./Core/Src/main.o
 .debug_info    0x0000320f      0xc80 ./Core/Src/rpi_spi_link.o
 .debug_info    0x00003e8f     0x1a9c ./Core/Src/stm32l4xx_hal_msp.o
 .debug_info    0x0000592b      0x6a1 ./Core/Src/stm32l4xx_it.o
 .debug_info    0x00005fcc      0x5bf ./Core/Src/system_stm32l4xx.o
 .debug_info    0x0000658b       0x30 ./Core/Startup/startup_stm32l433rctx.o
 .debug_info    0x000065bb      0xa9f ./Drivers/STM32L4xx_HAL_Driver/Src/stm32l4xx_hal.o
 .debug_info    0x0000705a     0x1cc4 ./Drivers/STM32L4xx_HAL_Driver/Src/stm32l4xx_hal_adc.o
 .debug_info    0x00008d1e     0x17da ./Drivers/STM32L4xx_HAL_Driver/Src/stm32l4xx_hal_adc_ex.o
 .debug_info    0x0000a4f8      0xf46 ./Drivers/STM32L4xx_HAL_Driver/Src/stm32l4xx_hal_can.o
 .debug_info    0x0000b43e      0xd27 ./Drivers/STM32L4xx_HAL_Driver/Src/stm32l4xx_hal_cortex.o
 .debug_info    0x0000c165      0x6f4 ./Drivers/STM32L4xx_HAL_Driver/Src/stm32l4xx_hal_dma.o
 .debug_info    0x0000c859      0x757 ./Drivers/STM32L4xx_HAL_Driver/Src/stm32l4xx_hal_gpio.o
 .debug_info    0x0000cfb0     0x20d2 ./Drivers/STM32L4xx_HAL_Driver/Src/stm32l4xx_hal_i2c.o
 .debug_info    0x0000f082      0x981 ./Drivers/STM32L4xx_HAL_Driver/Src/stm32l4xx_hal_i2c_ex.o
 .debug_info    0x0000fa03      0x920 ./Drivers/STM32L4xx_HAL_Driver/Src/stm32l4xx_hal_pwr_ex.o
 .debug_info    0x00010323      0xbc3 ./Drivers/STM32L4xx_HAL_Driver/Src/stm32l4xx_hal_rcc.o
 .debug_info    0x00010ee6      0xf0c ./Drivers/STM32L4xx_HAL_Driver/Src/stm32l4xx_hal_rcc_ex.o
 .debug_info    0x00011df2     0x1549 ./Drivers/STM32L4xx_HAL_Driver/Src/stm32l4xx_hal_spi.o

.debug_abbrev   0x00000000     0x2e05
 .debug_abbrev  0x00000000      0x27e ./Core/Src/app.o
 .debug_abbrev  0x0000027e      0x195 ./Core/Src/esc.o
 .debug_abbrev  0x00000413      0x30e ./Core/Src/main.o
 .debug_abbrev  0x00000721      0x2b3 ./Core/Src/rpi_spi_link.o
 .debug_abbrev  0x000009d4      0x26b ./Core/Src/stm32l4xx_hal_msp.o
 .debug_abbrev  0x00000c3f      0x189 ./Core/Src/stm32l4xx_it.o
 .debug_abbrev  0x00000dc8      0x11a ./Core/Src/system_stm32l4xx.o
 .debug_abbrev  0x00000ee2       0x24 ./Core/Startup/startup_stm32l433rctx.o
 .debug_abbrev  0x00000f06      0x242 ./Drivers/STM32L4xx_HAL_Driver/Src/stm32l4xx_hal.o
 .debug_abbrev  0x00001148      0x2d7 ./Drivers/STM32L4xx_HAL_Driver/Src/stm32l4xx_hal_adc.o
 .debug_abbrev  0x0000141f      0x2d8 ./Drivers/STM32L4xx_HAL_Driver/Src/stm32l4xx_hal_adc_ex.o
 .debug_abbrev  0x000016f7      0x25a ./Drivers/STM32L4xx_HAL_Driver/Src/stm32l4xx_hal_can.o
 .debug_abbrev  0x00001951      0x31c ./Drivers/STM32L4xx_HAL_Driver/Src/stm32l4xx_hal_cortex.o
 .debug_abbrev  0x00001c6d      0x1e4 ./Drivers/STM32L4xx_HAL_Driver/Src/stm32l4xx_hal_dma.o
 .debug_abbrev  0x00001e51      0x1cb ./Drivers/STM32L4xx_HAL_Driver/Src/stm32l4xx_hal_gpio.o
 .debug_abbrev  0x0000201c      0x261 ./Drivers/STM32L4xx_HAL_Driver/Src/stm32l4xx_hal_i2c.o
 .debug_abbrev  0x0000227d      0x1c3 ./Drivers/STM32L4xx_HAL_Driver/Src/stm32l4xx_hal_i2c_ex.o
 .debug_abbrev  0x00002440      0x1f9 ./Drivers/STM32L4xx_HAL_Driver/Src/stm32l4xx_hal_pwr_ex.o
 .debug_abbrev  0x00002639      0x2cb ./Drivers/STM32L4xx_HAL_Driver/Src/stm32l4xx_hal_rcc.o
 .debug_abbrev  0x00002904      0x2a1 ./Drivers/STM32L4xx_HAL_Driver/Src/stm32l4xx_hal_rcc_ex.o
 .debug_abbrev  0x00002ba5      0x260 ./Drivers/STM32L4xx_HAL_Driver/Src/stm32l4xx_hal_spi.o

.debug_aranges  0x00000000     0x11f8
 .debug_aranges
                0x00000000       0x38 ./Core/Src/app.o
 .debug_aranges
                0x00000038       0x58 ./Core/Src/esc.o
 .debug_aranges
                0x00000090       0x68 ./Core/Src/main.o
 .debug_aranges
                0x000000f8       0x80 ./Core/Src/rpi_spi_link.o
 .debug_aranges
                0x00000178       0x60 ./Core/Src/stm32l4xx_hal_msp.o
 .debug_aranges
                0x000001d8       0x80 ./Core/Src/stm32l4xx_it.o
 .debug_aranges
                0x00000258       0x28 ./Core/Src/system_stm32l4xx.o
 .debug_aranges
                0x00000280       0x28 ./Core/Startup/startup_stm32l433rctx.o
 .debug_aranges
                0x000002a8      0x130 ./Drivers/STM32L4xx_HAL_Driver/Src/stm32l4xx_hal.o
 .debug_aranges
                0x000003d8      0x210 ./Drivers/STM32L4xx_HAL_Driver/Src/stm32l4xx_hal_adc.o
 .debug_aranges
                0x000005e8      0x170 ./Drivers/STM32L4xx_HAL_Driver/Src/stm32l4xx_hal_adc_ex.o
 .debug_aranges
                0x00000758      0x138 ./Drivers/STM32L4xx_HAL_Driver/Src/stm32l4xx_hal_can.o
 .debug_aranges
                0x00000890      0x128 ./Drivers/STM32L4xx_HAL_Driver/Src/stm32l4xx_hal_cortex.o
 .debug_aranges
                0x000009b8       0x80 ./Drivers/STM32L4xx_HAL_Driver/Src/stm32l4xx_hal_dma.o
 .debug_aranges
                0x00000a38       0x58 ./Drivers/STM32L4xx_HAL_Driver/Src/stm32l4xx_hal_gpio.o
 .debug_aranges
                0x00000a90      0x2a0 ./Drivers/STM32L4xx_HAL_Driver/Src/stm32l4xx_hal_i2c.o
 .debug_aranges
                0x00000d30       0x48 ./Drivers/STM32L4xx_HAL_Driver/Src/stm32l4xx_hal_i2c_ex.o
 .debug_aranges
                0x00000d78      0x128 ./Drivers/STM32L4xx_HAL_Driver/Src/stm32l4xx_hal_pwr_ex.o
 .debug_aranges
                0x00000ea0       0x90 ./Drivers/STM32L4xx_HAL_Driver/Src/stm32l4xx_hal_rcc.o
 .debug_aranges
                0x00000f30       0xf0 ./Drivers/STM32L4xx_HAL_Driver/Src/stm32l4xx_hal_rcc_ex.o
 .debug_aranges
                0x00001020      0x1d8 ./Drivers/STM32L4xx_HAL_Driver/Src/stm32l4xx_hal_spi.o

.debug_rnglists
                0x00000000      0xdb6
 .debug_rnglists
                0x00000000       0x27 ./Core/Src/app.o
 .debug_rnglists
                0x00000027       0x3d ./Core/Src/esc.o
 .debug_rnglists
                0x00000064       0x4d ./Core/Src/main.o
 .debug_rnglists
                0x000000b1       0x5b ./Core/Src/rpi_spi_link.o
 .debug_rnglists
                0x0000010c       0x47 ./Core/Src/stm32l4xx_hal_msp.o
 .debug_rnglists
                0x00000153       0x5b ./Core/Src/stm32l4xx_it.o
 .debug_rnglists
                0x000001ae       0x1a ./Core/Src/system_stm32l4xx.o
 .debug_rnglists
                0x000001c8       0x19 ./Core/Startup/startup_stm32l433rctx.o
 .debug_rnglists
                0x000001e1       0xdf ./Drivers/STM32L4xx_HAL_Driver/Src/stm32l4xx_hal.o
 .debug_rnglists
                0x000002c0      0x196 ./Drivers/STM32L4xx_HAL_Driver/Src/stm32l4xx_hal_adc.o
 .debug_rnglists
                0x00000456      0x11a ./Drivers/STM32L4xx_HAL_Driver/Src/stm32l4xx_hal_adc_ex.o
 .debug_rnglists
                0x00000570       0xee ./Drivers/STM32L4xx_HAL_Driver/Src/stm32l4xx_hal_can.o
 .debug_rnglists
                0x0000065e       0xda ./Drivers/STM32L4xx_HAL_Driver/Src/stm32l4xx_hal_cortex.o
 .debug_rnglists
                0x00000738       0x64 ./Drivers/STM32L4xx_HAL_Driver/Src/stm32l4xx_hal_dma.o
 .debug_rnglists
                0x0000079c       0x3f ./Drivers/STM32L4xx_HAL_Driver/Src/stm32l4xx_hal_gpio.o
 .debug_rnglists
                0x000007db      0x228 ./Drivers/STM32L4xx_HAL_Driver/Src/stm32l4xx_hal_i2c.o
 .debug_rnglists
                0x00000a03       0x35 ./Drivers/STM32L4xx_HAL_Driver/Src/stm32l4xx_hal_i2c_ex.o
 .debug_rnglists
                0x00000a38       0xdf ./Drivers/STM32L4xx_HAL_Driver/Src/stm32l4xx_hal_pwr_ex.o
 .debug_rnglists
                0x00000b17       0x6d ./Drivers/STM32L4xx_HAL_Driver/Src/stm32l4xx_hal_rcc.o
 .debug_rnglists
                0x00000b84       0xba ./Drivers/STM32L4xx_HAL_Driver/Src/stm32l4xx_hal_rcc_ex.o
 .debug_rnglists
                0x00000c3e      0x178 ./Drivers/STM32L4xx_HAL_Driver/Src/stm32l4xx_hal_spi.o

.debug_macro    0x00000000    0x24b8e
 .debug_macro   0x00000000      0x371 ./Core/Src/app.o
 .debug_macro   0x00000371      0xad8 ./Core/Src/app.o
 .debug_macro   0x00000e49       0x22 ./Core/Src/app.o
 .debug_macro   0x00000e6b       0x5b ./Core/Src/app.o
 .debug_macro   0x00000ec6       0x2a ./Core/Src/app.o
 .debug_macro   0x00000ef0       0x94 ./Core/Src/app.o
 .debug_macro   0x00000f84       0x43 ./Core/Src/app.o
 .debug_macro   0x00000fc7       0x34 ./Core/Src/app.o
 .debug_macro   0x00000ffb       0x16 ./Core/Src/app.o
 .debug_macro   0x00001011       0x57 ./Core/Src/app.o
 .debug_macro   0x00001068       0x9e ./Core/Src/app.o
 .debug_macro   0x00001106      0x370 ./Core/Src/app.o
 .debug_macro   0x00001476      0x112 ./Core/Src/app.o
 .debug_macro   0x00001588       0x10 ./Core/Src/app.o
 .debug_macro   0x00001598       0x16 ./Core/Src/app.o
 .debug_macro   0x000015ae       0x4a ./Core/Src/app.o
 .debug_macro   0x000015f8       0x34 ./Core/Src/app.o
 .debug_macro   0x0000162c       0x10 ./Core/Src/app.o
 .debug_macro   0x0000163c       0x58 ./Core/Src/app.o
 .debug_macro   0x00001694       0x8e ./Core/Src/app.o
 .debug_macro   0x00001722       0x1c ./Core/Src/app.o
 .debug_macro   0x0000173e      0x185 ./Core/Src/app.o
 .debug_macro   0x000018c3       0x16 ./Core/Src/app.o
 .debug_macro   0x000018d9       0x16 ./Core/Src/app.o
 .debug_macro   0x000018ef      0x146 ./Core/Src/app.o
 .debug_macro   0x00001a35       0x16 ./Core/Src/app.o
 .debug_macro   0x00001a4b       0x3c ./Core/Src/app.o
 .debug_macro   0x00001a87       0x20 ./Core/Src/app.o
 .debug_macro   0x00001aa7       0x4c ./Core/Src/app.o
 .debug_macro   0x00001af3      0x1b3 ./Core/Src/app.o
 .debug_macro   0x00001ca6       0x2e ./Core/Src/app.o
 .debug_macro   0x00001cd4       0x28 ./Core/Src/app.o
 .debug_macro   0x00001cfc      0x103 ./Core/Src/app.o
 .debug_macro   0x00001dff       0x6a ./Core/Src/app.o
 .debug_macro   0x00001e69      0x1df ./Core/Src/app.o
 .debug_macro   0x00002048       0x1c ./Core/Src/app.o
 .debug_macro   0x00002064       0x22 ./Core/Src/app.o
 .debug_macro   0x00002086       0xfb ./Core/Src/app.o
 .debug_macro   0x00002181     0x1011 ./Core/Src/app.o
 .debug_macro   0x00003192      0x11f ./Core/Src/app.o
 .debug_macro   0x000032b1    0x16153 ./Core/Src/app.o
 .debug_macro   0x00019404       0x6d ./Core/Src/app.o
 .debug_macro   0x00019471     0x38fb ./Core/Src/app.o
 .debug_macro   0x0001cd6c       0x56 ./Core/Src/app.o
 .debug_macro   0x0001cdc2     0x13b4 ./Core/Src/app.o
 .debug_macro   0x0001e176      0x5dd ./Core/Src/app.o
 .debug_macro   0x0001e753      0x1b9 ./Core/Src/app.o
 .debug_macro   0x0001e90c      0x130 ./Core/Src/app.o
 .debug_macro   0x0001ea3c      0x26b ./Core/Src/app.o
 .debug_macro   0x0001eca7      0x23d ./Core/Src/app.o
 .debug_macro   0x0001eee4      0xde6 ./Core/Src/app.o
 .debug_macro   0x0001fcca      0x61d ./Core/Src/app.o
 .debug_macro   0x000202e7      0x241 ./Core/Src/app.o
 .debug_macro   0x00020528      0x408 ./Core/Src/app.o
 .debug_macro   0x00020930      0x241 ./Core/Src/app.o
 .debug_macro   0x00020b71      0x375 ./Core/Src/app.o
 .debug_macro   0x00020ee6       0xd6 ./Core/Src/app.o
 .debug_macro   0x00020fbc      0x22c ./Core/Src/app.o
 .debug_macro   0x000211e8       0x61 ./Core/Src/app.o
 .debug_macro   0x00021249       0xa5 ./Core/Src/app.o
 .debug_macro   0x000212ee      0x122 ./Core/Src/app.o
 .debug_macro   0x00021410      0x364 ./Core/Src/app.o
 .debug_macro   0x00021774      0x2fe ./Core/Src/app.o
 .debug_macro   0x00021a72      0x26d ./Core/Src/app.o
 .debug_macro   0x00021cdf      0x10c ./Core/Src/app.o
 .debug_macro   0x00021deb       0x8e ./Core/Src/app.o
 .debug_macro   0x00021e79       0x22 ./Core/Src/app.o
 .debug_macro   0x00021e9b      0x225 ./Core/Src/esc.o
 .debug_macro   0x000220c0       0x8e ./Core/Src/esc.o
 .debug_macro   0x0002214e       0x51 ./Core/Src/esc.o
 .debug_macro   0x0002219f      0x190 ./Core/Src/esc.o
 .debug_macro   0x0002232f       0x5c ./Core/Src/esc.o
 .debug_macro   0x0002238b      0x210 ./Core/Src/main.o
 .debug_macro   0x0002259b      0x32b ./Core/Src/rpi_spi_link.o
 .debug_macro   0x000228c6       0x61 ./Core/Src/rpi_spi_link.o
 .debug_macro   0x00022927      0x112 ./Core/Src/rpi_spi_link.o
 .debug_macro   0x00022a39      0x202 ./Core/Src/stm32l4xx_hal_msp.o
 .debug_macro   0x00022c3b      0x20c ./Core/Src/stm32l4xx_it.o
 .debug_macro   0x00022e47      0x1f3 ./Core/Src/system_stm32l4xx.o
 .debug_macro   0x0002303a      0x241 ./Drivers/STM32L4xx_HAL_Driver/Src/stm32l4xx_hal.o
 .debug_macro   0x0002327b      0x210 ./Drivers/STM32L4xx_HAL_Driver/Src/stm32l4xx_hal_adc.o
 .debug_macro   0x0002348b      0x1ff ./Drivers/STM32L4xx_HAL_Driver/Src/stm32l4xx_hal_adc_ex.o
 .debug_macro   0x0002368a      0x202 ./Drivers/STM32L4xx_HAL_Driver/Src/stm32l4xx_hal_can.o
 .debug_macro   0x0002388c      0x1f3 ./Drivers/STM32L4xx_HAL_Driver/Src/stm32l4xx_hal_cortex.o
 .debug_macro   0x00023a7f      0x1f3 ./Drivers/STM32L4xx_HAL_Driver/Src/stm32l4xx_hal_dma.o
 .debug_macro   0x00023c72      0x1fa ./Drivers/STM32L4xx_HAL_Driver/Src/stm32l4xx_hal_gpio.o
 .debug_macro   0x00023e6c      0x2bf ./Drivers/STM32L4xx_HAL_Driver/Src/stm32l4xx_hal_i2c.o
 .debug_macro   0x0002412b      0x1f3 ./Drivers/STM32L4xx_HAL_Driver/Src/stm32l4xx_hal_i2c_ex.o
 .debug_macro   0x0002431e      0x217 ./Drivers/STM32L4xx_HAL_Driver/Src/stm32l4xx_hal_pwr_ex.o
 .debug_macro   0x00024535      0x235 ./Drivers/STM32L4xx_HAL_Driver/Src/stm32l4xx_hal_rcc.o
 .debug_macro   0x0002476a      0x229 ./Drivers/STM32L4xx_HAL_Driver/Src/stm32l4xx_hal_rcc_ex.o
 .debug_macro   0x00024993      0x1fb ./Drivers/STM32L4xx_HAL_Driver/Src/stm32l4xx_hal_spi.o

.debug_line     0x00000000    0x14da1
 .debug_line    0x00000000      0xa2e ./Core/Src/app.o
 .debug_line    0x00000a2e      0x8a6 ./Core/Src/esc.o
 .debug_line    0x000012d4      0xa41 ./Core/Src/main.o
 .debug_line    0x00001d15      0xb15 ./Core/Src/rpi_spi_link.o
 .debug_line    0x0000282a      0x995 ./Core/Src/stm32l4xx_hal_msp.o
 .debug_line    0x000031bf      0x8b3 ./Core/Src/stm32l4xx_it.o
 .debug_line    0x00003a72      0x841 ./Core/Src/system_stm32l4xx.o
 .debug_line    0x000042b3       0x7a ./Core/Startup/startup_stm32l433rctx.o
 .debug_line    0x0000432d      0xba9 ./Drivers/STM32L4xx_HAL_Driver/Src/stm32l4xx_hal.o
 .debug_line    0x00004ed6     0x1d1d ./Drivers/STM32L4xx_HAL_Driver/Src/stm32l4xx_hal_adc.o
 .debug_line    0x00006bf3     0x1544 ./Drivers/STM32L4xx_HAL_Driver/Src/stm32l4xx_hal_adc_ex.o
 .debug_line    0x00008137     0x1250 ./Drivers/STM32L4xx_HAL_Driver/Src/stm32l4xx_hal_can.o
 .debug_line    0x00009387      0xd44 ./Drivers/STM32L4xx_HAL_Driver/Src/stm32l4xx_hal_cortex.o
 .debug_line    0x0000a0cb      0xd83 ./Drivers/STM32L4xx_HAL_Driver/Src/stm32l4xx_hal_dma.o
 .debug_line    0x0000ae4e      0xba9 ./Drivers/STM32L4xx_HAL_Driver/Src/stm32l4xx_hal_gpio.o
 .debug_line    0x0000b9f7     0x37aa ./Drivers/STM32L4xx_HAL_Driver/Src/stm32l4xx_hal_i2c.o
 .debug_line    0x0000f1a1      0x909 ./Drivers/STM32L4xx_HAL_Driver/Src/stm32l4xx_hal_i2c_ex.o
 .debug_line    0x0000faaa      0xca6 ./Drivers/STM32L4xx_HAL_Driver/Src/stm32l4xx_hal_pwr_ex.o
 .debug_line    0x00010750     0x114c ./Drivers/STM32L4xx_HAL_Driver/Src/stm32l4xx_hal_rcc.o
 .debug_line    0x0001189c     0x147c ./Drivers/STM32L4xx_HAL_Driver/Src/stm32l4xx_hal_rcc_ex.o
 .debug_line    0x00012d18     0x2089 ./Drivers/STM32L4xx_HAL_Driver/Src/stm32l4xx_hal_spi.o

.debug_str      0x00000000    0xdeeae
 .debug_str     0x00000000    0xdeeae ./Core/Src/app.o
                              0xda13d (size before relaxing)
 .debug_str     0x000deeae    0xd5b81 ./Core/Src/esc.o
 .debug_str     0x000deeae    0xd6d8e ./Core/Src/main.o
 .debug_str     0x000deeae    0xd98bc ./Core/Src/rpi_spi_link.o
 .debug_str     0x000deeae    0xd6d0f ./Core/Src/stm32l4xx_hal_msp.o
 .debug_str     0x000deeae    0xd5e2c ./Core/Src/stm32l4xx_it.o
 .debug_str     0x000deeae    0xd5636 ./Core/Src/system_stm32l4xx.o
 .debug_str     0x000deeae       0x87 ./Core/Startup/startup_stm32l433rctx.o
 .debug_str     0x000deeae    0xd60f8 ./Drivers/STM32L4xx_HAL_Driver/Src/stm32l4xx_hal.o
 .debug_str     0x000deeae    0xd6419 ./Drivers/STM32L4xx_HAL_Driver/Src/stm32l4xx_hal_adc.o
 .debug_str     0x000deeae    0xd6243 ./Drivers/STM32L4xx_HAL_Driver/Src/stm32l4xx_hal_adc_ex.o
 .debug_str     0x000deeae    0xd5cc9 ./Drivers/STM32L4xx_HAL_Driver/Src/stm32l4xx_hal_can.o
 .debug_str     0x000deeae    0xd5ddb ./Drivers/STM32L4xx_HAL_Driver/Src/stm32l4xx_hal_cortex.o
 .debug_str     0x000deeae    0xd589d ./Drivers/STM32L4xx_HAL_Driver/Src/stm32l4xx_hal_dma.o
 .debug_str     0x000deeae    0xd57aa ./Drivers/STM32L4xx_HAL_Driver/Src/stm32l4xx_hal_gpio.o
 .debug_str     0x000deeae    0xd6834 ./Drivers/STM32L4xx_HAL_Driver/Src/stm32l4xx_hal_i2c.o
 .debug_str     0x000deeae    0xd5b43 ./Drivers/STM32L4xx_HAL_Driver/Src/stm32l4xx_hal_i2c_ex.o
 .debug_str     0x000deeae    0xd5ade ./Drivers/STM32L4xx_HAL_Driver/Src/stm32l4xx_hal_pwr_ex.o
 .debug_str     0x000deeae    0xd5c36 ./Drivers/STM32L4xx_HAL_Driver/Src/stm32l4xx_hal_rcc.o
 .debug_str     0x000deeae    0xd5ed3 ./Drivers/STM32L4xx_HAL_Driver/Src/stm32l4xx_hal_rcc_ex.o
 .debug_str     0x000deeae    0xd5e4e ./Drivers/STM32L4xx_HAL_Driver/Src/stm32l4xx_hal_spi.o

.comment        0x00000000       0x43
 .comment       0x00000000       0x43 ./Core/Src/app.o
                                 0x44 (size before relaxing)
 .comment       0x00000043       0x44 ./Core/Src/esc.o
 .comment       0x00000043       0x44 ./Core/Src/main.o
 .comment       0x00000043       0x44 ./Core/Src/rpi_spi_link.o
 .comment       0x00000043       0x44 ./Core/Src/stm32l4xx_hal_msp.o
 .comment       0x00000043       0x44 ./Core/Src/stm32l4xx_it.o
 .comment       0x00000043       0x44 ./Core/Src/system_stm32l4xx.o
 .comment       0x00000043       0x44 ./Drivers/STM32L4xx_HAL_Driver/Src/stm32l4xx_hal.o
 .comment       0x00000043       0x44 ./Drivers/STM32L4xx_HAL_Driver/Src/stm32l4xx_hal_adc.o
 .comment       0x00000043       0x44 ./Drivers/STM32L4xx_HAL_Driver/Src/stm32l4xx_hal_adc_ex.o
 .comment       0x00000043       0x44 ./Drivers/STM32L4xx_HAL_Driver/Src/stm32l4xx_hal_can.o
 .comment       0x00000043       0x44 ./Drivers/STM32L4xx_HAL_Driver/Src/stm32l4xx_hal_cortex.o
 .comment       0x00000043       0x44 ./Drivers/STM32L4xx_HAL_Driver/Src/stm32l4xx_hal_dma.o
 .comment       0x00000043       0x44 ./Drivers/STM32L4xx_HAL_Driver/Src/stm32l4xx_hal_gpio.o
 .comment       0x00000043       0x44 ./Drivers/STM32L4xx_HAL_Driver/Src/stm32l4xx_hal_i2c.o
 .comment       0x00000043       0x44 ./Drivers/STM32L4xx_HAL_Driver/Src/stm32l4xx_hal_i2c_ex.o
 .comment       0x00000043       0x44 ./Drivers/STM32L4xx_HAL_Driver/Src/stm32l4xx_hal_pwr_ex.o
 .comment       0x00000043       0x44 ./Drivers/STM32L4xx_HAL_Driver/Src/stm32l4xx_hal_rcc.o
 .comment       0x00000043       0x44 ./Drivers/STM32L4xx_HAL_Driver/Src/stm32l4xx_hal_rcc_ex.o
 .comment       0x00000043       0x44 ./Drivers/STM32L4xx_HAL_Driver/Src/stm32l4xx_hal_spi.o

.debug_frame    0x00000000     0x4b48
 .debug_frame   0x00000000       0x9c ./Core/Src/app.o
 .debug_frame   0x0000009c      0x130 ./Core/Src/esc.o
 .debug_frame   0x000001cc      0x150 ./Core/Src/main.o
 .debug_frame   0x0000031c      0x1b8 ./Core/Src/rpi_spi_link.o
 .debug_frame   0x000004d4      0x160 ./Core/Src/stm32l4xx_hal_msp.o
 .debug_frame   0x00000634      0x174 ./Core/Src/stm32l4xx_it.o
 .debug_frame   0x000007a8       0x58 ./Core/Src/system_stm32l4xx.o
 .debug_frame   0x00000800      0x498 ./Drivers/STM32L4xx_HAL_Driver/Src/stm32l4xx_hal.o
 .debug_frame   0x00000c98      0x9b0 ./Drivers/STM32L4xx_HAL_Driver/Src/stm32l4xx_hal_adc.o
 .debug_frame   0x00001648      0x68c ./Drivers/STM32L4xx_HAL_Driver/Src/stm32l4xx_hal_adc_ex.o
 .debug_frame   0x00001cd4      0x5a0 ./Drivers/STM32L4xx_HAL_Driver/Src/stm32l4xx_hal_can.o
 .debug_frame   0x00002274      0x4e8 ./Drivers/STM32L4xx_HAL_Driver/Src/stm32l4xx_hal_cortex.o
 .debug_frame   0x0000275c      0x204 ./Drivers/STM32L4xx_HAL_Driver/Src/stm32l4xx_hal_dma.o
 .debug_frame   0x00002960      0x14c ./Drivers/STM32L4xx_HAL_Driver/Src/stm32l4xx_hal_gpio.o
 .debug_frame   0x00002aac      0xc38 ./Drivers/STM32L4xx_HAL_Driver/Src/stm32l4xx_hal_i2c.o
 .debug_frame   0x000036e4      0x100 ./Drivers/STM32L4xx_HAL_Driver/Src/stm32l4xx_hal_i2c_ex.o
 .debug_frame   0x000037e4      0x4a4 ./Drivers/STM32L4xx_HAL_Driver/Src/stm32l4xx_hal_pwr_ex.o
 .debug_frame   0x00003c88      0x21c ./Drivers/STM32L4xx_HAL_Driver/Src/stm32l4xx_hal_rcc.o
 .debug_frame   0x00003ea4      0x3d0 ./Drivers/STM32L4xx_HAL_Driver/Src/stm32l4xx_hal_rcc_ex.o
 .debug_frame   0x00004274      0x860 ./Drivers/STM32L4xx_HAL_Driver/Src/stm32l4xx_hal_spi.o
 .debug_frame   0x00004ad4       0x20 C:/ST/STM32CubeIDE_1.18.1/STM32CubeIDE/plugins/com.st.stm32cube.ide.mcu.externaltools.gnu-tools-for-stm32.13.3.rel1.win32_1.0.0.202411081344/tools/bin/../lib/gcc/arm-none-eabi/13.3.1/../../../../arm-none-eabi/lib/thumb/v7e-m+fp/hard\libc_nano.a(libc_a-memset.o)
 .debug_frame   0x00004af4       0x2c C:/ST/STM32CubeIDE_1.18.1/STM32CubeIDE/plugins/com.st.stm32cube.ide.mcu.externaltools.gnu-tools-for-stm32.13.3.rel1.win32_1.0.0.202411081344/tools/bin/../lib/gcc/arm-none-eabi/13.3.1/../../../../arm-none-eabi/lib/thumb/v7e-m+fp/hard\libc_nano.a(libc_a-init.o)
 .debug_frame   0x00004b20       0x28 C:/ST/STM32CubeIDE_1.18.1/STM32CubeIDE/plugins/com.st.stm32cube.ide.mcu.externaltools.gnu-tools-for-stm32.13.3.rel1.win32_1.0.0.202411081344/tools/bin/../lib/gcc/arm-none-eabi/13.3.1/../../../../arm-none-eabi/lib/thumb/v7e-m+fp/hard\libc_nano.a(libc_a-memcpy-stub.o)

.debug_line_str
                0x00000000       0x6b
 .debug_line_str
                0x00000000       0x6b ./Core/Startup/startup_stm32l433rctx.o
