../Core/Src/main.c:78:5:main	8	static
../Core/Src/main.c:129:6:SystemClock_Config	96	static
../Core/Src/main.c:180:13:MX_ADC1_Init	32	static
../Core/Src/main.c:238:13:MX_CAN1_Init	8	static
../Core/Src/main.c:275:13:MX_I2C1_Init	8	static
../Core/Src/main.c:323:13:MX_SPI1_Init	8	static
../Core/Src/main.c:360:13:MX_DMA_Init	16	static
../Core/Src/main.c:381:13:MX_GPIO_Init	48	static
../Core/Src/main.c:479:6:HAL_GPIO_EXTI_Callback	16	static
../Core/Src/main.c:488:6:Error_Handler	4	static,ignoring_inline_asm
