../Core/Src/lcd.c:7:6:lcd_init	16	static
../Core/Src/lcd.c:18:6:lcd_write_byte	32	static
../Core/Src/lcd.c:29:6:lcd_write_string	16	static
../Core/Src/lcd.c:36:6:lcd_write_float	48	static
../Core/Src/lcd.c:42:6:lcd_prefix	8	static
../Core/Src/lcd.c:47:6:lcd_display_on	8	static
../Core/Src/lcd.c:52:6:lcd_display_off	8	static
../Core/Src/lcd.c:58:6:lcd_set_cursor	16	static
../Core/Src/lcd.c:64:6:lcd_home	8	static
../Core/Src/lcd.c:69:6:lcd_clear_screen	8	static
../Core/Src/lcd.c:75:6:lcd_set_contrast	16	static
../Core/Src/lcd.c:81:6:lcd_set_brightness	16	static
../Core/Src/lcd.c:87:6:lcd_firmware	8	static
