../Drivers/CMSIS/Include/core_cm4.h:1933:34:__NVIC_SystemReset	4	static,ignoring_inline_asm
../Core/Src/rpi_spi_link.c:57:6:link_init	16	static
../Core/Src/rpi_spi_link.c:72:10:link_process_packet	32	static
../Core/Src/rpi_spi_link.c:111:6:rpi_printf	1032	static
../Core/Src/rpi_spi_link.c:125:6:rpi_send_debug_info	16	static
../Core/Src/rpi_spi_link.c:132:6:rpi_send_firmware_flash_request	16	static
../Core/Src/rpi_spi_link.c:143:6:rpi_press_power_button	16	static
../Core/Src/rpi_spi_link.c:152:6:rpi_is_awake	1040	static
../Core/Src/rpi_spi_link.c:171:6:spi_int_assert	8	static
../Core/Src/rpi_spi_link.c:178:6:spi_int_deassert	8	static
../Core/Src/rpi_spi_link.c:188:6:process_text	24	static
../Core/Src/rpi_spi_link.c:201:6:process_config	16	static
../Core/Src/rpi_spi_link.c:212:6:send_packet_to_pi	32	static
