../Drivers/CMSIS/Include/core_cm4.h:1933:34:__NVIC_SystemReset	4	static,ignoring_inline_asm
../Core/Src/rpi_spi_link.c:19:6:spi_int_assert	8	static
../Core/Src/rpi_spi_link.c:23:6:spi_int_deassert	8	static
../Core/Src/rpi_spi_link.c:27:6:start_listening	8	static
../Core/Src/rpi_spi_link.c:31:6:link_init	24	static
../Core/Src/rpi_spi_link.c:42:6:process_packet	24	static
../Core/Src/rpi_spi_link.c:62:6:process_text	24	static
../Core/Src/rpi_spi_link.c:73:6:process_config	16	static
../Core/Src/rpi_spi_link.c:78:6:send_packet_to_pi	16	static
../Core/Src/rpi_spi_link.c:94:6:log_to_pi	1032	static
../Core/Src/rpi_spi_link.c:105:6:HAL_SPI_TxRxCpltCallback	16	static
../Core/Src/rpi_spi_link.c:112:6:HAL_SPI_ErrorCallback	16	static
../Core/Src/rpi_spi_link.c:117:6:rpi_press_power_button	8	static
../Core/Src/rpi_spi_link.c:124:6:rpi_is_awake	16	static
