../Drivers/CMSIS/Include/core_cm4.h:1933:34:__NVIC_SystemReset	4	static,ignoring_inline_asm
../Core/Src/rpi_spi_link.c:41:6:link_init	24	static
../Core/Src/rpi_spi_link.c:53:10:link_process_packet	24	static
../Core/Src/rpi_spi_link.c:73:6:rpi_printf	1032	static
../Core/Src/rpi_spi_link.c:82:6:rpi_send_debug_info	16	static
../Core/Src/rpi_spi_link.c:86:6:rpi_press_power_button	8	static
../Core/Src/rpi_spi_link.c:93:6:rpi_is_awake	16	static
../Core/Src/rpi_spi_link.c:107:6:spi_int_assert	8	static
../Core/Src/rpi_spi_link.c:111:6:spi_int_deassert	8	static
../Core/Src/rpi_spi_link.c:115:6:start_listening	8	static
../Core/Src/rpi_spi_link.c:119:6:process_text	24	static
../Core/Src/rpi_spi_link.c:130:6:process_config	16	static
../Core/Src/rpi_spi_link.c:135:6:send_packet_to_pi	16	static
../Core/Src/rpi_spi_link.c:152:6:HAL_SPI_TxRxCpltCallback	16	static
../Core/Src/rpi_spi_link.c:159:6:HAL_SPI_ErrorCallback	16	static
