../Drivers/CMSIS/Include/core_cm4.h:1933:34:__NVIC_SystemReset	4	static,ignoring_inline_asm
../Core/Src/rpi_spi_link.c:73:6:link_init	24	static
../Core/Src/rpi_spi_link.c:96:10:link_process_packet	24	static
../Core/Src/rpi_spi_link.c:128:6:rpi_printf	1032	static
../Core/Src/rpi_spi_link.c:142:6:rpi_send_debug_info	16	static
../Core/Src/rpi_spi_link.c:149:6:rpi_send_firmware_flash_request	16	static
../Core/Src/rpi_spi_link.c:160:6:rpi_press_power_button	16	static
../Core/Src/rpi_spi_link.c:169:6:rpi_is_awake	16	static
../Core/Src/rpi_spi_link.c:186:6:spi_int_assert	8	static
../Core/Src/rpi_spi_link.c:193:6:spi_int_deassert	8	static
../Core/Src/rpi_spi_link.c:200:6:start_listening	8	static
../Core/Src/rpi_spi_link.c:210:6:process_text	24	static
../Core/Src/rpi_spi_link.c:225:6:process_config	16	static
../Core/Src/rpi_spi_link.c:232:6:load_next_packet	8	static
../Core/Src/rpi_spi_link.c:252:6:send_packet_to_pi	24	static,ignoring_inline_asm
../Core/Src/rpi_spi_link.c:286:6:HAL_SPI_TxRxCpltCallback	16	static
../Core/Src/rpi_spi_link.c:293:6:HAL_SPI_ErrorCallback	16	static
