../Drivers/CMSIS/Include/core_cm4.h:1933:34:__NVIC_SystemReset	4	static,ignoring_inline_asm
../Core/Src/rpi_spi_link.c:54:6:link_init	24	static
../Core/Src/rpi_spi_link.c:71:10:link_process_packet	24	static
../Core/Src/rpi_spi_link.c:95:6:rpi_printf	1032	static
../Core/Src/rpi_spi_link.c:109:6:rpi_send_debug_info	16	static
../Core/Src/rpi_spi_link.c:116:6:rpi_press_power_button	8	static
../Core/Src/rpi_spi_link.c:126:6:rpi_is_awake	16	static
../Core/Src/rpi_spi_link.c:143:6:spi_int_assert	8	static
../Core/Src/rpi_spi_link.c:150:6:spi_int_deassert	8	static
../Core/Src/rpi_spi_link.c:157:6:start_listening	8	static
../Core/Src/rpi_spi_link.c:167:6:process_text	24	static
../Core/Src/rpi_spi_link.c:182:6:process_config	16	static
../Core/Src/rpi_spi_link.c:193:6:send_packet_to_pi	16	static
../Core/Src/rpi_spi_link.c:210:6:HAL_SPI_TxRxCpltCallback	16	static
../Core/Src/rpi_spi_link.c:217:6:HAL_SPI_ErrorCallback	16	static
