../Core/Src/tinymovr.c:15:6:reset_rx_id	4	static
../Core/Src/tinymovr.c:19:6:tm_init	16	static
../Core/Src/tinymovr.c:53:6:HAL_CAN_RxFifo0MsgPendingCallback	16	static
../Core/Src/tinymovr.c:61:6:can_send_frame	16	static
../Core/Src/tinymovr.c:74:6:tm_set_gains	16	static
../Core/Src/tinymovr.c:81:6:tm_set_vel_inc	16	static
../Core/Src/tinymovr.c:87:6:tm_set_limits	16	static
../Core/Src/tinymovr.c:94:27:tm_get_encoder_config	24	static
../Core/Src/tinymovr.c:104:6:tm_set_encoder_config	16	static
../Core/Src/tinymovr.c:111:6:tm_set_motor_config	16	static
../Core/Src/tinymovr.c:119:6:tm_set_state	16	static
../Core/Src/tinymovr.c:126:25:tm_get_state	16	static
../Core/Src/tinymovr.c:136:6:tm_save_config	8	static
../Core/Src/tinymovr.c:140:6:tm_set_vel_setpoint	16	static
../Core/Src/tinymovr.c:147:7:tm_get_encoder_estimates	16	static
../Core/Src/tinymovr.c:156:9:tm_get_can_id	24	static
../Core/Src/tinymovr.c:174:6:set_can_id	16	static
../Core/Src/tinymovr.c:178:6:float32_to_4_byte_array	16	static
