../Core/Src/lcd.c:6:6:lcd_init	16	static
../Core/Src/lcd.c:17:6:lcd_write_byte	32	static
../Core/Src/lcd.c:28:6:lcd_write_string	16	static
../Core/Src/lcd.c:35:6:lcd_prefix	8	static
../Core/Src/lcd.c:40:6:lcd_display_on	8	static
../Core/Src/lcd.c:45:6:lcd_display_off	8	static
../Core/Src/lcd.c:51:6:lcd_set_cursor	16	static
../Core/Src/lcd.c:57:6:lcd_home	8	static
../Core/Src/lcd.c:62:6:lcd_clear_screen	8	static
../Core/Src/lcd.c:68:6:lcd_set_contrast	16	static
../Core/Src/lcd.c:74:6:lcd_set_brightness	16	static
../Core/Src/lcd.c:80:6:lcd_firmware	8	static
