C:/Users/pranav.budhwar/STM32CubeIDE/workspace_1.18.1/SPI_FullDuplex_ComDMA/Src/main.c:70:5:main	8	static
C:/Users/pranav.budhwar/STM32CubeIDE/workspace_1.18.1/SPI_FullDuplex_ComDMA/Src/main.c:201:6:SystemClock_Config	96	static
C:/Users/pranav.budhwar/STM32CubeIDE/workspace_1.18.1/SPI_FullDuplex_ComDMA/Src/main.c:245:6:HAL_SPI_TxRxCpltCallback	16	static
C:/Users/pranav.budhwar/STM32CubeIDE/workspace_1.18.1/SPI_FullDuplex_ComDMA/Src/main.c:259:6:HAL_SPI_ErrorCallback	16	static
C:/Users/pranav.budhwar/STM32CubeIDE/workspace_1.18.1/SPI_FullDuplex_ComDMA/Src/main.c:269:13:Error_Handler	8	static
C:/Users/pranav.budhwar/STM32CubeIDE/workspace_1.18.1/SPI_FullDuplex_ComDMA/Src/main.c:287:17:Buffercmp	24	static
