C:/Users/pranav.budhwar/STM32CubeIDE/workspace_1.18.1/SPI_FullDuplex_ComDMA/Src/main.c:70:5:main	6
C:/Users/pranav.budhwar/STM32CubeIDE/workspace_1.18.1/SPI_FullDuplex_ComDMA/Src/main.c:201:6:SystemClock_Config	3
C:/Users/pranav.budhwar/STM32CubeIDE/workspace_1.18.1/SPI_FullDuplex_ComDMA/Src/main.c:245:6:HAL_SPI_TxRxCpltCallback	1
C:/Users/pranav.budhwar/STM32CubeIDE/workspace_1.18.1/SPI_FullDuplex_ComDMA/Src/main.c:259:6:HAL_SPI_ErrorCallback	1
C:/Users/pranav.budhwar/STM32CubeIDE/workspace_1.18.1/SPI_FullDuplex_ComDMA/Src/main.c:269:13:Error_Handler	1
C:/Users/pranav.budhwar/STM32CubeIDE/workspace_1.18.1/SPI_FullDuplex_ComDMA/Src/main.c:287:17:Buffercmp	3
