16:51:18 **** Incremental Build of configuration Debug for project L433RC_FINAL ****
make -j12 all 
arm-none-eabi-gcc "../Core/Src/lcd.c" -mcpu=cortex-m4 -std=gnu11 -g3 -DDEBUG -DUSE_HAL_DRIVER -DSTM32L433xx -c -I../Core/Inc -I../Drivers/STM32L4xx_HAL_Driver/Inc -I../Drivers/STM32L4xx_HAL_Driver/Inc/Legacy -I../Drivers/CMSIS/Device/ST/STM32L4xx/Include -I../Drivers/CMSIS/Include -O0 -ffunction-sections -fdata-sections -Wall -fstack-usage -fcyclomatic-complexity -MMD -MP -MF"Core/Src/lcd.d" -MT"Core/Src/lcd.o" --specs=nano.specs -mfpu=fpv4-sp-d16 -mfloat-abi=hard -mthumb -o "Core/Src/lcd.o"
../Core/Src/lcd.c: In function 'lcd_printf':
../Core/Src/lcd.c:65:63: warning: '%-*s' directive output may be truncated writing between 16 and 79 bytes into a region of size 17 [-Wformat-truncation=]
   65 |                 snprintf(frame_buffer, sizeof(frame_buffer), "%-*s", NUM_CHARS, formatted_string);
      |                                                               ^~~~              ~~~~~~~~~~~~~~~~
../Core/Src/lcd.c:65:17: note: 'snprintf' output between 17 and 80 bytes into a destination of size 17
   65 |                 snprintf(frame_buffer, sizeof(frame_buffer), "%-*s", NUM_CHARS, formatted_string);
      |                 ^~~~~~~~~~~~~~~~~~~~~~~~~~~~~~~~~~~~~~~~~~~~~~~~~~~~~~~~~~~~~~~~~~~~~~~~~~~~~~~~~
arm-none-eabi-gcc -o "L433RC_FINAL.elf" @"objects.list"   -mcpu=cortex-m4 -T"C:\Users\pranav.budhwar\STM32CubeIDE\workspace_1.18.1\L433RC_FINAL\STM32L433RCTX_FLASH.ld" --specs=nosys.specs -Wl,-Map="L433RC_FINAL.map" -Wl,--gc-sections -static --specs=nano.specs -mfpu=fpv4-sp-d16 -mfloat-abi=hard -mthumb -u _printf_float -Wl,--start-group -lc -lm -Wl,--end-group
Finished building target: L433RC_FINAL.elf
 
arm-none-eabi-size  L433RC_FINAL.elf 
arm-none-eabi-objdump -h -S L433RC_FINAL.elf  > "L433RC_FINAL.list"
   text	   data	    bss	    dec	    hex	filename
  42764	    832	   5648	  49244	   c05c	L433RC_FINAL.elf
Finished building: default.size.stdout
 
Finished building: L433RC_FINAL.list
 
16:53:24 **** Incremental Build of configuration Debug for project L433RC_FINAL ****
make -j12 all 
arm-none-eabi-gcc "../Core/Src/lcd.c" -mcpu=cortex-m4 -std=gnu11 -g3 -DDEBUG -DUSE_HAL_DRIVER -DSTM32L433xx -c -I../Core/Inc -I../Drivers/STM32L4xx_HAL_Driver/Inc -I../Drivers/STM32L4xx_HAL_Driver/Inc/Legacy -I../Drivers/CMSIS/Device/ST/STM32L4xx/Include -I../Drivers/CMSIS/Include -O0 -ffunction-sections -fdata-sections -Wall -fstack-usage -fcyclomatic-complexity -MMD -MP -MF"Core/Src/lcd.d" -MT"Core/Src/lcd.o" --specs=nano.specs -mfpu=fpv4-sp-d16 -mfloat-abi=hard -mthumb -o "Core/Src/lcd.o"
arm-none-eabi-gcc -o "L433RC_FINAL.elf" @"objects.list"   -mcpu=cortex-m4 -T"C:\Users\pranav.budhwar\STM32CubeIDE\workspace_1.18.1\L433RC_FINAL\STM32L433RCTX_FLASH.ld" --specs=nosys.specs -Wl,-Map="L433RC_FINAL.map" -Wl,--gc-sections -static --specs=nano.specs -mfpu=fpv4-sp-d16 -mfloat-abi=hard -mthumb -u _printf_float -Wl,--start-group -lc -lm -Wl,--end-group
Finished building target: L433RC_FINAL.elf
 
arm-none-eabi-size  L433RC_FINAL.elf 
arm-none-eabi-objdump -h -S L433RC_FINAL.elf  > "L433RC_FINAL.list"
   text	   data	    bss	    dec	    hex	filename
  42764	    832	   5648	  49244	   c05c	L433RC_FINAL.elf
Finished building: default.size.stdout
 
Finished building: L433RC_FINAL.list
 
16:54:05 **** Incremental Build of configuration Debug for project L433RC_FINAL ****
make -j12 all 
arm-none-eabi-size  L433RC_FINAL.elf 
   text	   data	    bss	    dec	    hex	filename
  42764	    832	   5648	  49244	   c05c	L433RC_FINAL.elf
Finished building: default.size.stdout
 
16:56:27 **** Incremental Build of configuration Debug for project L433RC_FINAL ****
make -j12 all 
arm-none-eabi-gcc "../Core/Src/app.c" -mcpu=cortex-m4 -std=gnu11 -g3 -DDEBUG -DUSE_HAL_DRIVER -DSTM32L433xx -c -I../Core/Inc -I../Drivers/STM32L4xx_HAL_Driver/Inc -I../Drivers/STM32L4xx_HAL_Driver/Inc/Legacy -I../Drivers/CMSIS/Device/ST/STM32L4xx/Include -I../Drivers/CMSIS/Include -O0 -ffunction-sections -fdata-sections -Wall -fstack-usage -fcyclomatic-complexity -MMD -MP -MF"Core/Src/app.d" -MT"Core/Src/app.o" --specs=nano.specs -mfpu=fpv4-sp-d16 -mfloat-abi=hard -mthumb -o "Core/Src/app.o"
arm-none-eabi-gcc -o "L433RC_FINAL.elf" @"objects.list"   -mcpu=cortex-m4 -T"C:\Users\pranav.budhwar\STM32CubeIDE\workspace_1.18.1\L433RC_FINAL\STM32L433RCTX_FLASH.ld" --specs=nosys.specs -Wl,-Map="L433RC_FINAL.map" -Wl,--gc-sections -static --specs=nano.specs -mfpu=fpv4-sp-d16 -mfloat-abi=hard -mthumb -u _printf_float -Wl,--start-group -lc -lm -Wl,--end-group
Finished building target: L433RC_FINAL.elf
 
arm-none-eabi-size  L433RC_FINAL.elf 
arm-none-eabi-objdump -h -S L433RC_FINAL.elf  > "L433RC_FINAL.list"
   text	   data	    bss	    dec	    hex	filename
  42788	    832	   5648	  49268	   c074	L433RC_FINAL.elf
Finished building: default.size.stdout
 
Finished building: L433RC_FINAL.list
 
16:57:06 **** Incremental Build of configuration Debug for project L433RC_FINAL ****
make -j12 all 
arm-none-eabi-size  L433RC_FINAL.elf 
   text	   data	    bss	    dec	    hex	filename
  42788	    832	   5648	  49268	   c074	L433RC_FINAL.elf
Finished building: default.size.stdout
 
16:58:40 **** Incremental Build of configuration Debug for project L433RC_FINAL ****
make -j12 all 
arm-none-eabi-gcc "../Core/Src/lcd.c" -mcpu=cortex-m4 -std=gnu11 -g3 -DDEBUG -DUSE_HAL_DRIVER -DSTM32L433xx -c -I../Core/Inc -I../Drivers/STM32L4xx_HAL_Driver/Inc -I../Drivers/STM32L4xx_HAL_Driver/Inc/Legacy -I../Drivers/CMSIS/Device/ST/STM32L4xx/Include -I../Drivers/CMSIS/Include -O0 -ffunction-sections -fdata-sections -Wall -fstack-usage -fcyclomatic-complexity -MMD -MP -MF"Core/Src/lcd.d" -MT"Core/Src/lcd.o" --specs=nano.specs -mfpu=fpv4-sp-d16 -mfloat-abi=hard -mthumb -o "Core/Src/lcd.o"
arm-none-eabi-gcc -o "L433RC_FINAL.elf" @"objects.list"   -mcpu=cortex-m4 -T"C:\Users\pranav.budhwar\STM32CubeIDE\workspace_1.18.1\L433RC_FINAL\STM32L433RCTX_FLASH.ld" --specs=nosys.specs -Wl,-Map="L433RC_FINAL.map" -Wl,--gc-sections -static --specs=nano.specs -mfpu=fpv4-sp-d16 -mfloat-abi=hard -mthumb -u _printf_float -Wl,--start-group -lc -lm -Wl,--end-group
Finished building target: L433RC_FINAL.elf
 
arm-none-eabi-size  L433RC_FINAL.elf 
arm-none-eabi-objdump -h -S L433RC_FINAL.elf  > "L433RC_FINAL.list"
   text	   data	    bss	    dec	    hex	filename
  42788	    832	   5648	  49268	   c074	L433RC_FINAL.elf
Finished building: default.size.stdout
 
Finished building: L433RC_FINAL.list
 
