12:34:58 **** Incremental Build of configuration Debug for project L432KC_ADC ****
make -j12 all 
arm-none-eabi-gcc "../Core/Src/stm32l4xx_hal_msp.c" -mcpu=cortex-m4 -std=gnu11 -g3 -DDEBUG -DUSE_HAL_DRIVER -DSTM32L432xx -c -I../Core/Inc -I../Drivers/STM32L4xx_HAL_Driver/Inc -I../Drivers/STM32L4xx_HAL_Driver/Inc/Legacy -I../Drivers/CMSIS/Device/ST/STM32L4xx/Include -I../Drivers/CMSIS/Include -O0 -ffunction-sections -fdata-sections -Wall -fstack-usage -fcyclomatic-complexity -MMD -MP -MF"Core/Src/stm32l4xx_hal_msp.d" -MT"Core/Src/stm32l4xx_hal_msp.o" --specs=nano.specs -mfpu=fpv4-sp-d16 -mfloat-abi=hard -mthumb -o "Core/Src/stm32l4xx_hal_msp.o"
arm-none-eabi-gcc -o "L432KC_ADC.elf" @"objects.list"   -mcpu=cortex-m4 -T"C:\Users\pranav.budhwar\STM32CubeIDE\workspace_1.18.1\L432KC_ADC\STM32L432KCUX_FLASH.ld" --specs=nosys.specs -Wl,-Map="L432KC_ADC.map" -Wl,--gc-sections -static --specs=nano.specs -mfpu=fpv4-sp-d16 -mfloat-abi=hard -mthumb -u _printf_float -Wl,--start-group -lc -lm -Wl,--end-group
Finished building target: L432KC_ADC.elf
 
arm-none-eabi-size  L432KC_ADC.elf 
arm-none-eabi-objdump -h -S L432KC_ADC.elf  > "L432KC_ADC.list"
   text	   data	    bss	    dec	    hex	filename
  32772	    468	   2148	  35388	   8a3c	L432KC_ADC.elf
Finished building: default.size.stdout
 
Finished building: L432KC_ADC.list
 

12:35:00 Build Finished. 0 errors, 0 warnings. (took 1s.494ms)

