15:24:47 **** Incremental Build of configuration Debug for project L433RC_FINAL ****
make -j12 all 
arm-none-eabi-gcc "../Core/Src/adc.c" -mcpu=cortex-m4 -std=gnu11 -g3 -DDEBUG -DUSE_HAL_DRIVER -DSTM32L433xx -c -I../Core/Inc -I../Drivers/STM32L4xx_HAL_Driver/Inc -I../Drivers/STM32L4xx_HAL_Driver/Inc/Legacy -I../Drivers/CMSIS/Device/ST/STM32L4xx/Include -I../Drivers/CMSIS/Include -O0 -ffunction-sections -fdata-sections -Wall -fstack-usage -fcyclomatic-complexity -MMD -MP -MF"Core/Src/adc.d" -MT"Core/Src/adc.o" --specs=nano.specs -mfpu=fpv4-sp-d16 -mfloat-abi=hard -mthumb -o "Core/Src/adc.o"
arm-none-eabi-gcc "../Core/Src/app.c" -mcpu=cortex-m4 -std=gnu11 -g3 -DDEBUG -DUSE_HAL_DRIVER -DSTM32L433xx -c -I../Core/Inc -I../Drivers/STM32L4xx_HAL_Driver/Inc -I../Drivers/STM32L4xx_HAL_Driver/Inc/Legacy -I../Drivers/CMSIS/Device/ST/STM32L4xx/Include -I../Drivers/CMSIS/Include -O0 -ffunction-sections -fdata-sections -Wall -fstack-usage -fcyclomatic-complexity -MMD -MP -MF"Core/Src/app.d" -MT"Core/Src/app.o" --specs=nano.specs -mfpu=fpv4-sp-d16 -mfloat-abi=hard -mthumb -o "Core/Src/app.o"
arm-none-eabi-gcc -o "L433RC_FINAL.elf" @"objects.list"   -mcpu=cortex-m4 -T"C:\Users\pranav.budhwar\STM32CubeIDE\workspace_1.18.1\L433RC_FINAL\STM32L433RCTX_FLASH.ld" --specs=nosys.specs -Wl,-Map="L433RC_FINAL.map" -Wl,--gc-sections -static --specs=nano.specs -mfpu=fpv4-sp-d16 -mfloat-abi=hard -mthumb -u _printf_float -Wl,--start-group -lc -lm -Wl,--end-group
Finished building target: L433RC_FINAL.elf
 
arm-none-eabi-size  L433RC_FINAL.elf 
arm-none-eabi-objdump -h -S L433RC_FINAL.elf  > "L433RC_FINAL.list"
   text	   data	    bss	    dec	    hex	filename
  42908	    804	   5860	  49572	   c1a4	L433RC_FINAL.elf
Finished building: default.size.stdout
 
Finished building: L433RC_FINAL.list
 

15:24:49 Build Finished. 0 errors, 0 warnings. (took 1s.618ms)

