17:01:14 **** Incremental Build of configuration Debug for project L433RC_INTEGRATED ****
make -j12 all 
arm-none-eabi-gcc "../Core/Src/app.c" -mcpu=cortex-m4 -std=gnu11 -g3 -DDEBUG -DUSE_HAL_DRIVER -DSTM32L433xx -c -I../Core/Inc -I../Drivers/STM32L4xx_HAL_Driver/Inc -I../Drivers/STM32L4xx_HAL_Driver/Inc/Legacy -I../Drivers/CMSIS/Device/ST/STM32L4xx/Include -I../Drivers/CMSIS/Include -O0 -ffunction-sections -fdata-sections -Wall -fstack-usage -fcyclomatic-complexity -MMD -MP -MF"Core/Src/app.d" -MT"Core/Src/app.o" --specs=nano.specs -mfpu=fpv4-sp-d16 -mfloat-abi=hard -mthumb -o "Core/Src/app.o"
arm-none-eabi-gcc "../Core/Src/esc.c" -mcpu=cortex-m4 -std=gnu11 -g3 -DDEBUG -DUSE_HAL_DRIVER -DSTM32L433xx -c -I../Core/Inc -I../Drivers/STM32L4xx_HAL_Driver/Inc -I../Drivers/STM32L4xx_HAL_Driver/Inc/Legacy -I../Drivers/CMSIS/Device/ST/STM32L4xx/Include -I../Drivers/CMSIS/Include -O0 -ffunction-sections -fdata-sections -Wall -fstack-usage -fcyclomatic-complexity -MMD -MP -MF"Core/Src/esc.d" -MT"Core/Src/esc.o" --specs=nano.specs -mfpu=fpv4-sp-d16 -mfloat-abi=hard -mthumb -o "Core/Src/esc.o"
arm-none-eabi-gcc "../Core/Src/main.c" -mcpu=cortex-m4 -std=gnu11 -g3 -DDEBUG -DUSE_HAL_DRIVER -DSTM32L433xx -c -I../Core/Inc -I../Drivers/STM32L4xx_HAL_Driver/Inc -I../Drivers/STM32L4xx_HAL_Driver/Inc/Legacy -I../Drivers/CMSIS/Device/ST/STM32L4xx/Include -I../Drivers/CMSIS/Include -O0 -ffunction-sections -fdata-sections -Wall -fstack-usage -fcyclomatic-complexity -MMD -MP -MF"Core/Src/main.d" -MT"Core/Src/main.o" --specs=nano.specs -mfpu=fpv4-sp-d16 -mfloat-abi=hard -mthumb -o "Core/Src/main.o"
../Core/Src/app.c: In function 'flashing':
../Core/Src/app.c:200:29: warning: pointer targets in passing argument 1 of 'strncmp' differ in signedness [-Wpointer-sign]
  200 |                 if (strncmp(rx_msg, "done", 4) == 0)
      |                             ^~~~~~
      |                             |
      |                             uint8_t * {aka unsigned char *}
In file included from ../Core/Src/app.c:2:
C:\ST\STM32CubeIDE_1.18.1\STM32CubeIDE\plugins\com.st.stm32cube.ide.mcu.externaltools.gnu-tools-for-stm32.13.3.rel1.win32_1.0.0.202411081344\tools\bin/../lib/gcc/arm-none-eabi/13.3.1/../../../../arm-none-eabi/include/string.h:43:19: note: expected 'const char *' but argument is of type 'uint8_t *' {aka 'unsigned char *'}
   43 | int      strncmp (const char *, const char *, size_t);
      |                   ^~~~~~~~~~~~
../Core/Src/app.c:203:36: warning: pointer targets in passing argument 1 of 'strncmp' differ in signedness [-Wpointer-sign]
  203 |                 } else if (strncmp(rx_msg, "flashing failed", 16) == 0)
      |                                    ^~~~~~
      |                                    |
      |                                    uint8_t * {aka unsigned char *}
C:\ST\STM32CubeIDE_1.18.1\STM32CubeIDE\plugins\com.st.stm32cube.ide.mcu.externaltools.gnu-tools-for-stm32.13.3.rel1.win32_1.0.0.202411081344\tools\bin/../lib/gcc/arm-none-eabi/13.3.1/../../../../arm-none-eabi/include/string.h:43:19: note: expected 'const char *' but argument is of type 'uint8_t *' {aka 'unsigned char *'}
   43 | int      strncmp (const char *, const char *, size_t);
      |                   ^~~~~~~~~~~~
arm-none-eabi-gcc -o "L433RC_INTEGRATED.elf" @"objects.list"   -mcpu=cortex-m4 -T"C:\Users\pranav.budhwar\STM32CubeIDE\workspace_1.18.1\L433RC\STM32L433RCTX_FLASH.ld" --specs=nosys.specs -Wl,-Map="L433RC_INTEGRATED.map" -Wl,--gc-sections -static --specs=nano.specs -mfpu=fpv4-sp-d16 -mfloat-abi=hard -mthumb -Wl,--start-group -lc -lm -Wl,--end-group
Finished building target: L433RC_INTEGRATED.elf
 
arm-none-eabi-size  L433RC_INTEGRATED.elf 
arm-none-eabi-objdump -h -S L433RC_INTEGRATED.elf  > "L433RC_INTEGRATED.list"
   text	   data	    bss	    dec	    hex	filename
  26188	    300	   2364	  28852	   70b4	L433RC_INTEGRATED.elf
Finished building: default.size.stdout
 
Finished building: L433RC_INTEGRATED.list
 

17:01:16 Build Finished. 0 errors, 2 warnings. (took 1s.498ms)

